Archive member included because of file (symbol)

.\CortexM0\ARM_GCC_484\Debug\TLC 2.a(cyfitter_cfg.o)
                              .\CortexM0\ARM_GCC_484\Debug\Cm0Start.o (cyfitter_cfg)
.\CortexM0\ARM_GCC_484\Debug\TLC 2.a(CyLib.o)
                              .\CortexM0\ARM_GCC_484\Debug\TLC 2.a(cyfitter_cfg.o) (CyDelayUs)
.\CortexM0\ARM_GCC_484\Debug\TLC 2.a(NRed.o)
                              .\CortexM0\ARM_GCC_484\Debug\main.o (NRed_Write)
.\CortexM0\ARM_GCC_484\Debug\TLC 2.a(NYellow.o)
                              .\CortexM0\ARM_GCC_484\Debug\main.o (NYellow_Write)
.\CortexM0\ARM_GCC_484\Debug\TLC 2.a(NGreen.o)
                              .\CortexM0\ARM_GCC_484\Debug\main.o (NGreen_Write)
.\CortexM0\ARM_GCC_484\Debug\TLC 2.a(SRed.o)
                              .\CortexM0\ARM_GCC_484\Debug\main.o (SRed_Write)
.\CortexM0\ARM_GCC_484\Debug\TLC 2.a(SYellow.o)
                              .\CortexM0\ARM_GCC_484\Debug\main.o (SYellow_Write)
.\CortexM0\ARM_GCC_484\Debug\TLC 2.a(SGreen.o)
                              .\CortexM0\ARM_GCC_484\Debug\main.o (SGreen_Write)
.\CortexM0\ARM_GCC_484\Debug\TLC 2.a(WRed.o)
                              .\CortexM0\ARM_GCC_484\Debug\main.o (WRed_Write)
.\CortexM0\ARM_GCC_484\Debug\TLC 2.a(WYellow.o)
                              .\CortexM0\ARM_GCC_484\Debug\main.o (WYellow_Write)
.\CortexM0\ARM_GCC_484\Debug\TLC 2.a(WGreen.o)
                              .\CortexM0\ARM_GCC_484\Debug\main.o (WGreen_Write)
.\CortexM0\ARM_GCC_484\Debug\TLC 2.a(ERed.o)
                              .\CortexM0\ARM_GCC_484\Debug\main.o (ERed_Write)
.\CortexM0\ARM_GCC_484\Debug\TLC 2.a(EYellow.o)
                              .\CortexM0\ARM_GCC_484\Debug\main.o (EYellow_Write)
.\CortexM0\ARM_GCC_484\Debug\TLC 2.a(EGreen.o)
                              .\CortexM0\ARM_GCC_484\Debug\main.o (EGreen_Write)
.\CortexM0\ARM_GCC_484\Debug\TLC 2.a(NARed.o)
                              .\CortexM0\ARM_GCC_484\Debug\main.o (NARed_Write)
.\CortexM0\ARM_GCC_484\Debug\TLC 2.a(NAYellow.o)
                              .\CortexM0\ARM_GCC_484\Debug\main.o (NAYellow_Write)
.\CortexM0\ARM_GCC_484\Debug\TLC 2.a(NAGreen.o)
                              .\CortexM0\ARM_GCC_484\Debug\main.o (NAGreen_Write)
.\CortexM0\ARM_GCC_484\Debug\TLC 2.a(SARed.o)
                              .\CortexM0\ARM_GCC_484\Debug\main.o (SARed_Write)
.\CortexM0\ARM_GCC_484\Debug\TLC 2.a(SAYellow.o)
                              .\CortexM0\ARM_GCC_484\Debug\main.o (SAYellow_Write)
.\CortexM0\ARM_GCC_484\Debug\TLC 2.a(SAGreen.o)
                              .\CortexM0\ARM_GCC_484\Debug\main.o (SAGreen_Write)
.\CortexM0\ARM_GCC_484\Debug\TLC 2.a(ESensor.o)
                              .\CortexM0\ARM_GCC_484\Debug\main.o (ESensor_Read)
.\CortexM0\ARM_GCC_484\Debug\TLC 2.a(NASensor.o)
                              .\CortexM0\ARM_GCC_484\Debug\main.o (NASensor_Read)
.\CortexM0\ARM_GCC_484\Debug\TLC 2.a(TLCMode.o)
                              .\CortexM0\ARM_GCC_484\Debug\main.o (TLCMode_Read)
.\CortexM0\ARM_GCC_484\Debug\TLC 2.a(TLCMode1.o)
                              .\CortexM0\ARM_GCC_484\Debug\main.o (TLCMode1_Read)
.\CortexM0\ARM_GCC_484\Debug\TLC 2.a(TLCMode2.o)
                              .\CortexM0\ARM_GCC_484\Debug\main.o (TLCMode2_Read)
.\CortexM0\ARM_GCC_484\Debug\TLC 2.a(CyBootAsmGnu.o)
                              .\CortexM0\ARM_GCC_484\Debug\TLC 2.a(CyLib.o) (CyDelayCycles)
c:/program files (x86)/cypress/psoc creator/3.1/psoc creator/import/gnu_cs/arm/4.8.4/bin/../lib/gcc/arm-none-eabi/4.8.4/armv6-m\libgcc.a(_udivsi3.o)
                              .\CortexM0\ARM_GCC_484\Debug\TLC 2.a(CyLib.o) (__aeabi_uidiv)
c:/program files (x86)/cypress/psoc creator/3.1/psoc creator/import/gnu_cs/arm/4.8.4/bin/../lib/gcc/arm-none-eabi/4.8.4/armv6-m\libgcc.a(_divsi3.o)
                              .\CortexM0\ARM_GCC_484\Debug\Cm0Start.o (__aeabi_idiv)
c:/program files (x86)/cypress/psoc creator/3.1/psoc creator/import/gnu_cs/arm/4.8.4/bin/../lib/gcc/arm-none-eabi/4.8.4/armv6-m\libgcc.a(_dvmd_tls.o)
                              c:/program files (x86)/cypress/psoc creator/3.1/psoc creator/import/gnu_cs/arm/4.8.4/bin/../lib/gcc/arm-none-eabi/4.8.4/armv6-m\libgcc.a(_udivsi3.o) (__aeabi_idiv0)
c:/program files (x86)/cypress/psoc creator/3.1/psoc creator/import/gnu_cs/arm/4.8.4/bin/../lib/gcc/arm-none-eabi/4.8.4/../../../../arm-none-eabi/lib/armv6-m\libg_s.a(lib_a-errno.o)
                              .\CortexM0\ARM_GCC_484\Debug\Cm0Start.o (__errno)
c:/program files (x86)/cypress/psoc creator/3.1/psoc creator/import/gnu_cs/arm/4.8.4/bin/../lib/gcc/arm-none-eabi/4.8.4/../../../../arm-none-eabi/lib/armv6-m\libg_s.a(lib_a-exit.o)
                              c:/program files (x86)/cypress/psoc creator/3.1/psoc creator/import/gnu_cs/arm/4.8.4/bin/../lib/gcc/arm-none-eabi/4.8.4/../../../../arm-none-eabi/lib/armv6-m/crt0.o (exit)
c:/program files (x86)/cypress/psoc creator/3.1/psoc creator/import/gnu_cs/arm/4.8.4/bin/../lib/gcc/arm-none-eabi/4.8.4/../../../../arm-none-eabi/lib/armv6-m\libg_s.a(lib_a-impure.o)
                              c:/program files (x86)/cypress/psoc creator/3.1/psoc creator/import/gnu_cs/arm/4.8.4/bin/../lib/gcc/arm-none-eabi/4.8.4/../../../../arm-none-eabi/lib/armv6-m\libg_s.a(lib_a-exit.o) (_global_impure_ptr)
c:/program files (x86)/cypress/psoc creator/3.1/psoc creator/import/gnu_cs/arm/4.8.4/bin/../lib/gcc/arm-none-eabi/4.8.4/../../../../arm-none-eabi/lib/armv6-m\libg_s.a(lib_a-init.o)
                              c:/program files (x86)/cypress/psoc creator/3.1/psoc creator/import/gnu_cs/arm/4.8.4/bin/../lib/gcc/arm-none-eabi/4.8.4/../../../../arm-none-eabi/lib/armv6-m/crt0.o (__libc_init_array)
c:/program files (x86)/cypress/psoc creator/3.1/psoc creator/import/gnu_cs/arm/4.8.4/bin/../lib/gcc/arm-none-eabi/4.8.4/../../../../arm-none-eabi/lib/armv6-m\libg_s.a(lib_a-memcpy-stub.o)
                              .\CortexM0\ARM_GCC_484\Debug\TLC 2.a(cyfitter_cfg.o) (memcpy)
c:/program files (x86)/cypress/psoc creator/3.1/psoc creator/import/gnu_cs/arm/4.8.4/bin/../lib/gcc/arm-none-eabi/4.8.4/../../../../arm-none-eabi/lib/armv6-m\libg_s.a(lib_a-memset.o)
                              c:/program files (x86)/cypress/psoc creator/3.1/psoc creator/import/gnu_cs/arm/4.8.4/bin/../lib/gcc/arm-none-eabi/4.8.4/../../../../arm-none-eabi/lib/armv6-m/crt0.o (memset)

Discarded input sections

 .text          0x00000000        0x0 c:/program files (x86)/cypress/psoc creator/3.1/psoc creator/import/gnu_cs/arm/4.8.4/bin/../lib/gcc/arm-none-eabi/4.8.4/armv6-m/crti.o
 .data          0x00000000        0x0 c:/program files (x86)/cypress/psoc creator/3.1/psoc creator/import/gnu_cs/arm/4.8.4/bin/../lib/gcc/arm-none-eabi/4.8.4/armv6-m/crti.o
 .bss           0x00000000        0x0 c:/program files (x86)/cypress/psoc creator/3.1/psoc creator/import/gnu_cs/arm/4.8.4/bin/../lib/gcc/arm-none-eabi/4.8.4/armv6-m/crti.o
 .data          0x00000000        0x4 c:/program files (x86)/cypress/psoc creator/3.1/psoc creator/import/gnu_cs/arm/4.8.4/bin/../lib/gcc/arm-none-eabi/4.8.4/armv6-m/crtbegin.o
 .text          0x00000000       0x78 c:/program files (x86)/cypress/psoc creator/3.1/psoc creator/import/gnu_cs/arm/4.8.4/bin/../lib/gcc/arm-none-eabi/4.8.4/../../../../arm-none-eabi/lib/armv6-m/crt0.o
 .data          0x00000000        0x0 c:/program files (x86)/cypress/psoc creator/3.1/psoc creator/import/gnu_cs/arm/4.8.4/bin/../lib/gcc/arm-none-eabi/4.8.4/../../../../arm-none-eabi/lib/armv6-m/crt0.o
 .bss           0x00000000        0x0 c:/program files (x86)/cypress/psoc creator/3.1/psoc creator/import/gnu_cs/arm/4.8.4/bin/../lib/gcc/arm-none-eabi/4.8.4/../../../../arm-none-eabi/lib/armv6-m/crt0.o
 .ARM.extab     0x00000000        0x0 c:/program files (x86)/cypress/psoc creator/3.1/psoc creator/import/gnu_cs/arm/4.8.4/bin/../lib/gcc/arm-none-eabi/4.8.4/../../../../arm-none-eabi/lib/armv6-m/crt0.o
 .ARM.exidx     0x00000000        0x8 c:/program files (x86)/cypress/psoc creator/3.1/psoc creator/import/gnu_cs/arm/4.8.4/bin/../lib/gcc/arm-none-eabi/4.8.4/../../../../arm-none-eabi/lib/armv6-m/crt0.o
 .text          0x00000000        0x0 .\CortexM0\ARM_GCC_484\Debug\main.o
 .data          0x00000000        0x0 .\CortexM0\ARM_GCC_484\Debug\main.o
 .bss           0x00000000        0x0 .\CortexM0\ARM_GCC_484\Debug\main.o
 .text          0x00000000        0x0 .\CortexM0\ARM_GCC_484\Debug\cymetadata.o
 .data          0x00000000        0x0 .\CortexM0\ARM_GCC_484\Debug\cymetadata.o
 .bss           0x00000000        0x0 .\CortexM0\ARM_GCC_484\Debug\cymetadata.o
 .text          0x00000000        0x0 .\CortexM0\ARM_GCC_484\Debug\Cm0Start.o
 .data          0x00000000        0x4 .\CortexM0\ARM_GCC_484\Debug\Cm0Start.o
 .bss           0x00000000        0x0 .\CortexM0\ARM_GCC_484\Debug\Cm0Start.o
 .text._exit    0x00000000       0x28 .\CortexM0\ARM_GCC_484\Debug\Cm0Start.o
 .text._sbrk    0x00000000       0x50 .\CortexM0\ARM_GCC_484\Debug\Cm0Start.o
 .text          0x00000000        0x0 .\CortexM0\ARM_GCC_484\Debug\TLC 2.a(cyfitter_cfg.o)
 .bss           0x00000000        0x0 .\CortexM0\ARM_GCC_484\Debug\TLC 2.a(cyfitter_cfg.o)
 .text.CYCONFIGCPY
                0x00000000       0x24 .\CortexM0\ARM_GCC_484\Debug\TLC 2.a(cyfitter_cfg.o)
 .text.CYCONFIGCPYCODE
                0x00000000       0x24 .\CortexM0\ARM_GCC_484\Debug\TLC 2.a(cyfitter_cfg.o)
 .text          0x00000000        0x0 .\CortexM0\ARM_GCC_484\Debug\TLC 2.a(CyLib.o)
 .bss           0x00000000       0x24 .\CortexM0\ARM_GCC_484\Debug\TLC 2.a(CyLib.o)
 .rodata        0x00000000       0x30 .\CortexM0\ARM_GCC_484\Debug\TLC 2.a(CyLib.o)
 .text.CySysClkImoStart
                0x00000000       0x1c .\CortexM0\ARM_GCC_484\Debug\TLC 2.a(CyLib.o)
 .text.CySysClkImoStop
                0x00000000       0x18 .\CortexM0\ARM_GCC_484\Debug\TLC 2.a(CyLib.o)
 .text.CySysClkIloStart
                0x00000000       0x1c .\CortexM0\ARM_GCC_484\Debug\TLC 2.a(CyLib.o)
 .text.CySysClkIloStop
                0x00000000       0x64 .\CortexM0\ARM_GCC_484\Debug\TLC 2.a(CyLib.o)
 .text.CySysClkIloEnabled
                0x00000000       0x1c .\CortexM0\ARM_GCC_484\Debug\TLC 2.a(CyLib.o)
 .text.CySysClkGetLfclkSource
                0x00000000       0x20 .\CortexM0\ARM_GCC_484\Debug\TLC 2.a(CyLib.o)
 .text.CySysClkSetLfclkSource
                0x00000000       0x54 .\CortexM0\ARM_GCC_484\Debug\TLC 2.a(CyLib.o)
 .text.CySysClkWriteHfclkDirect
                0x00000000       0x44 .\CortexM0\ARM_GCC_484\Debug\TLC 2.a(CyLib.o)
 .text.CySysClkWriteSysclkDiv
                0x00000000       0x44 .\CortexM0\ARM_GCC_484\Debug\TLC 2.a(CyLib.o)
 .text.CySysClkWriteImoFreq
                0x00000000      0x1e0 .\CortexM0\ARM_GCC_484\Debug\TLC 2.a(CyLib.o)
 .text.CySysClkEcoStop
                0x00000000       0x2c .\CortexM0\ARM_GCC_484\Debug\TLC 2.a(CyLib.o)
 .text.CySysClkWriteEcoDiv
                0x00000000       0x40 .\CortexM0\ARM_GCC_484\Debug\TLC 2.a(CyLib.o)
 .text.CySysClkWcoStop
                0x00000000       0x60 .\CortexM0\ARM_GCC_484\Debug\TLC 2.a(CyLib.o)
 .text.CySysClkWcoEnabled
                0x00000000       0x1c .\CortexM0\ARM_GCC_484\Debug\TLC 2.a(CyLib.o)
 .text.CySysWdtLock
                0x00000000       0x34 .\CortexM0\ARM_GCC_484\Debug\TLC 2.a(CyLib.o)
 .text.CySysWdtLocked
                0x00000000       0x20 .\CortexM0\ARM_GCC_484\Debug\TLC 2.a(CyLib.o)
 .text.CySysWdtUnlock
                0x00000000       0x4c .\CortexM0\ARM_GCC_484\Debug\TLC 2.a(CyLib.o)
 .text.CySysWdtReadEnabledStatus
                0x00000000       0x30 .\CortexM0\ARM_GCC_484\Debug\TLC 2.a(CyLib.o)
 .text.CySysWdtWriteMode
                0x00000000       0x60 .\CortexM0\ARM_GCC_484\Debug\TLC 2.a(CyLib.o)
 .text.CySysWdtReadMode
                0x00000000       0x24 .\CortexM0\ARM_GCC_484\Debug\TLC 2.a(CyLib.o)
 .text.CySysWdtWriteClearOnMatch
                0x00000000       0x70 .\CortexM0\ARM_GCC_484\Debug\TLC 2.a(CyLib.o)
 .text.CySysWdtReadClearOnMatch
                0x00000000       0x40 .\CortexM0\ARM_GCC_484\Debug\TLC 2.a(CyLib.o)
 .text.CySysWdtEnable
                0x00000000       0x64 .\CortexM0\ARM_GCC_484\Debug\TLC 2.a(CyLib.o)
 .text.CySysWdtDisable
                0x00000000       0x68 .\CortexM0\ARM_GCC_484\Debug\TLC 2.a(CyLib.o)
 .text.CySysWdtWriteCascade
                0x00000000       0x58 .\CortexM0\ARM_GCC_484\Debug\TLC 2.a(CyLib.o)
 .text.CySysWdtReadCascade
                0x00000000       0x1c .\CortexM0\ARM_GCC_484\Debug\TLC 2.a(CyLib.o)
 .text.CySysWdtWriteMatch
                0x00000000       0x90 .\CortexM0\ARM_GCC_484\Debug\TLC 2.a(CyLib.o)
 .text.CySysWdtWriteToggleBit
                0x00000000       0x44 .\CortexM0\ARM_GCC_484\Debug\TLC 2.a(CyLib.o)
 .text.CySysWdtReadToggleBit
                0x00000000       0x18 .\CortexM0\ARM_GCC_484\Debug\TLC 2.a(CyLib.o)
 .text.CySysWdtReadMatch
                0x00000000       0x44 .\CortexM0\ARM_GCC_484\Debug\TLC 2.a(CyLib.o)
 .text.CySysWdtReadCount
                0x00000000       0x54 .\CortexM0\ARM_GCC_484\Debug\TLC 2.a(CyLib.o)
 .text.CySysWdtGetInterruptSource
                0x00000000       0x1c .\CortexM0\ARM_GCC_484\Debug\TLC 2.a(CyLib.o)
 .text.CySysWdtClearInterrupt
                0x00000000       0x6c .\CortexM0\ARM_GCC_484\Debug\TLC 2.a(CyLib.o)
 .text.CySysWdtResetCounters
                0x00000000       0x28 .\CortexM0\ARM_GCC_484\Debug\TLC 2.a(CyLib.o)
 .text.CySysClkLfclkPosedgeCatch
                0x00000000       0x9c .\CortexM0\ARM_GCC_484\Debug\TLC 2.a(CyLib.o)
 .text.CySysClkLfclkPosedgeRestore
                0x00000000       0x3c .\CortexM0\ARM_GCC_484\Debug\TLC 2.a(CyLib.o)
 .text.CySysLvdEnable
                0x00000000       0x48 .\CortexM0\ARM_GCC_484\Debug\TLC 2.a(CyLib.o)
 .text.CySysLvdDisable
                0x00000000       0x28 .\CortexM0\ARM_GCC_484\Debug\TLC 2.a(CyLib.o)
 .text.CySysLvdGetInterruptSource
                0x00000000       0x18 .\CortexM0\ARM_GCC_484\Debug\TLC 2.a(CyLib.o)
 .text.CySysLvdClearInterrupt
                0x00000000       0x14 .\CortexM0\ARM_GCC_484\Debug\TLC 2.a(CyLib.o)
 .text.CySysGetResetReason
                0x00000000       0x30 .\CortexM0\ARM_GCC_484\Debug\TLC 2.a(CyLib.o)
 .text.CyDisableInts
                0x00000000       0x24 .\CortexM0\ARM_GCC_484\Debug\TLC 2.a(CyLib.o)
 .text.CyEnableInts
                0x00000000       0x18 .\CortexM0\ARM_GCC_484\Debug\TLC 2.a(CyLib.o)
 .text.CyIntSetSysVector
                0x00000000       0x48 .\CortexM0\ARM_GCC_484\Debug\TLC 2.a(CyLib.o)
 .text.CyIntGetSysVector
                0x00000000       0x34 .\CortexM0\ARM_GCC_484\Debug\TLC 2.a(CyLib.o)
 .text.CyIntSetVector
                0x00000000       0x4c .\CortexM0\ARM_GCC_484\Debug\TLC 2.a(CyLib.o)
 .text.CyIntGetVector
                0x00000000       0x38 .\CortexM0\ARM_GCC_484\Debug\TLC 2.a(CyLib.o)
 .text.CyIntSetPriority
                0x00000000       0xa8 .\CortexM0\ARM_GCC_484\Debug\TLC 2.a(CyLib.o)
 .text.CyIntGetPriority
                0x00000000       0x58 .\CortexM0\ARM_GCC_484\Debug\TLC 2.a(CyLib.o)
 .text.CyIntEnable
                0x00000000       0x2c .\CortexM0\ARM_GCC_484\Debug\TLC 2.a(CyLib.o)
 .text.CyIntGetState
                0x00000000       0x34 .\CortexM0\ARM_GCC_484\Debug\TLC 2.a(CyLib.o)
 .text.CyIntDisable
                0x00000000       0x2c .\CortexM0\ARM_GCC_484\Debug\TLC 2.a(CyLib.o)
 .text.CyIntSetPending
                0x00000000       0x2c .\CortexM0\ARM_GCC_484\Debug\TLC 2.a(CyLib.o)
 .text.CyIntClearPending
                0x00000000       0x2c .\CortexM0\ARM_GCC_484\Debug\TLC 2.a(CyLib.o)
 .text.CySoftwareReset
                0x00000000       0x20 .\CortexM0\ARM_GCC_484\Debug\TLC 2.a(CyLib.o)
 .text.CyDelayFreq
                0x00000000       0x80 .\CortexM0\ARM_GCC_484\Debug\TLC 2.a(CyLib.o)
 .text.CySysTickStart
                0x00000000       0x24 .\CortexM0\ARM_GCC_484\Debug\TLC 2.a(CyLib.o)
 .text.CySysTickInit
                0x00000000       0x64 .\CortexM0\ARM_GCC_484\Debug\TLC 2.a(CyLib.o)
 .text.CySysTickEnable
                0x00000000       0x1c .\CortexM0\ARM_GCC_484\Debug\TLC 2.a(CyLib.o)
 .text.CySysTickStop
                0x00000000       0x18 .\CortexM0\ARM_GCC_484\Debug\TLC 2.a(CyLib.o)
 .text.CySysTickEnableInterrupt
                0x00000000       0x18 .\CortexM0\ARM_GCC_484\Debug\TLC 2.a(CyLib.o)
 .text.CySysTickDisableInterrupt
                0x00000000       0x18 .\CortexM0\ARM_GCC_484\Debug\TLC 2.a(CyLib.o)
 .text.CySysTickSetReload
                0x00000000       0x1c .\CortexM0\ARM_GCC_484\Debug\TLC 2.a(CyLib.o)
 .text.CySysTickGetReload
                0x00000000       0x18 .\CortexM0\ARM_GCC_484\Debug\TLC 2.a(CyLib.o)
 .text.CySysTickGetValue
                0x00000000       0x1c .\CortexM0\ARM_GCC_484\Debug\TLC 2.a(CyLib.o)
 .text.CySysTickSetClockSource
                0x00000000       0x34 .\CortexM0\ARM_GCC_484\Debug\TLC 2.a(CyLib.o)
 .text.CySysTickGetCountFlag
                0x00000000       0x18 .\CortexM0\ARM_GCC_484\Debug\TLC 2.a(CyLib.o)
 .text.CySysTickClear
                0x00000000       0x14 .\CortexM0\ARM_GCC_484\Debug\TLC 2.a(CyLib.o)
 .text.CySysTickSetCallback
                0x00000000       0x2c .\CortexM0\ARM_GCC_484\Debug\TLC 2.a(CyLib.o)
 .text.CySysTickGetCallback
                0x00000000       0x1c .\CortexM0\ARM_GCC_484\Debug\TLC 2.a(CyLib.o)
 .text.CySysTickServiceCallbacks
                0x00000000       0x44 .\CortexM0\ARM_GCC_484\Debug\TLC 2.a(CyLib.o)
 .text          0x00000000        0x0 .\CortexM0\ARM_GCC_484\Debug\TLC 2.a(NRed.o)
 .data          0x00000000        0x0 .\CortexM0\ARM_GCC_484\Debug\TLC 2.a(NRed.o)
 .bss           0x00000000        0x0 .\CortexM0\ARM_GCC_484\Debug\TLC 2.a(NRed.o)
 .text.NRed_SetDriveMode
                0x00000000       0x30 .\CortexM0\ARM_GCC_484\Debug\TLC 2.a(NRed.o)
 .text.NRed_Read
                0x00000000       0x1c .\CortexM0\ARM_GCC_484\Debug\TLC 2.a(NRed.o)
 .text.NRed_ReadDataReg
                0x00000000       0x1c .\CortexM0\ARM_GCC_484\Debug\TLC 2.a(NRed.o)
 .text.NRed_ClearInterrupt
                0x00000000       0x30 .\CortexM0\ARM_GCC_484\Debug\TLC 2.a(NRed.o)
 .text          0x00000000        0x0 .\CortexM0\ARM_GCC_484\Debug\TLC 2.a(NYellow.o)
 .data          0x00000000        0x0 .\CortexM0\ARM_GCC_484\Debug\TLC 2.a(NYellow.o)
 .bss           0x00000000        0x0 .\CortexM0\ARM_GCC_484\Debug\TLC 2.a(NYellow.o)
 .text.NYellow_SetDriveMode
                0x00000000       0x30 .\CortexM0\ARM_GCC_484\Debug\TLC 2.a(NYellow.o)
 .text.NYellow_Read
                0x00000000       0x1c .\CortexM0\ARM_GCC_484\Debug\TLC 2.a(NYellow.o)
 .text.NYellow_ReadDataReg
                0x00000000       0x1c .\CortexM0\ARM_GCC_484\Debug\TLC 2.a(NYellow.o)
 .text.NYellow_ClearInterrupt
                0x00000000       0x30 .\CortexM0\ARM_GCC_484\Debug\TLC 2.a(NYellow.o)
 .text          0x00000000        0x0 .\CortexM0\ARM_GCC_484\Debug\TLC 2.a(NGreen.o)
 .data          0x00000000        0x0 .\CortexM0\ARM_GCC_484\Debug\TLC 2.a(NGreen.o)
 .bss           0x00000000        0x0 .\CortexM0\ARM_GCC_484\Debug\TLC 2.a(NGreen.o)
 .text.NGreen_SetDriveMode
                0x00000000       0x2c .\CortexM0\ARM_GCC_484\Debug\TLC 2.a(NGreen.o)
 .text.NGreen_Read
                0x00000000       0x1c .\CortexM0\ARM_GCC_484\Debug\TLC 2.a(NGreen.o)
 .text.NGreen_ReadDataReg
                0x00000000       0x1c .\CortexM0\ARM_GCC_484\Debug\TLC 2.a(NGreen.o)
 .text.NGreen_ClearInterrupt
                0x00000000       0x2c .\CortexM0\ARM_GCC_484\Debug\TLC 2.a(NGreen.o)
 .text          0x00000000        0x0 .\CortexM0\ARM_GCC_484\Debug\TLC 2.a(SRed.o)
 .data          0x00000000        0x0 .\CortexM0\ARM_GCC_484\Debug\TLC 2.a(SRed.o)
 .bss           0x00000000        0x0 .\CortexM0\ARM_GCC_484\Debug\TLC 2.a(SRed.o)
 .text.SRed_SetDriveMode
                0x00000000       0x30 .\CortexM0\ARM_GCC_484\Debug\TLC 2.a(SRed.o)
 .text.SRed_Read
                0x00000000       0x1c .\CortexM0\ARM_GCC_484\Debug\TLC 2.a(SRed.o)
 .text.SRed_ReadDataReg
                0x00000000       0x1c .\CortexM0\ARM_GCC_484\Debug\TLC 2.a(SRed.o)
 .text.SRed_ClearInterrupt
                0x00000000       0x30 .\CortexM0\ARM_GCC_484\Debug\TLC 2.a(SRed.o)
 .text          0x00000000        0x0 .\CortexM0\ARM_GCC_484\Debug\TLC 2.a(SYellow.o)
 .data          0x00000000        0x0 .\CortexM0\ARM_GCC_484\Debug\TLC 2.a(SYellow.o)
 .bss           0x00000000        0x0 .\CortexM0\ARM_GCC_484\Debug\TLC 2.a(SYellow.o)
 .text.SYellow_SetDriveMode
                0x00000000       0x30 .\CortexM0\ARM_GCC_484\Debug\TLC 2.a(SYellow.o)
 .text.SYellow_Read
                0x00000000       0x1c .\CortexM0\ARM_GCC_484\Debug\TLC 2.a(SYellow.o)
 .text.SYellow_ReadDataReg
                0x00000000       0x1c .\CortexM0\ARM_GCC_484\Debug\TLC 2.a(SYellow.o)
 .text.SYellow_ClearInterrupt
                0x00000000       0x30 .\CortexM0\ARM_GCC_484\Debug\TLC 2.a(SYellow.o)
 .text          0x00000000        0x0 .\CortexM0\ARM_GCC_484\Debug\TLC 2.a(SGreen.o)
 .data          0x00000000        0x0 .\CortexM0\ARM_GCC_484\Debug\TLC 2.a(SGreen.o)
 .bss           0x00000000        0x0 .\CortexM0\ARM_GCC_484\Debug\TLC 2.a(SGreen.o)
 .text.SGreen_SetDriveMode
                0x00000000       0x30 .\CortexM0\ARM_GCC_484\Debug\TLC 2.a(SGreen.o)
 .text.SGreen_Read
                0x00000000       0x1c .\CortexM0\ARM_GCC_484\Debug\TLC 2.a(SGreen.o)
 .text.SGreen_ReadDataReg
                0x00000000       0x1c .\CortexM0\ARM_GCC_484\Debug\TLC 2.a(SGreen.o)
 .text.SGreen_ClearInterrupt
                0x00000000       0x30 .\CortexM0\ARM_GCC_484\Debug\TLC 2.a(SGreen.o)
 .text          0x00000000        0x0 .\CortexM0\ARM_GCC_484\Debug\TLC 2.a(WRed.o)
 .data          0x00000000        0x0 .\CortexM0\ARM_GCC_484\Debug\TLC 2.a(WRed.o)
 .bss           0x00000000        0x0 .\CortexM0\ARM_GCC_484\Debug\TLC 2.a(WRed.o)
 .text.WRed_SetDriveMode
                0x00000000       0x30 .\CortexM0\ARM_GCC_484\Debug\TLC 2.a(WRed.o)
 .text.WRed_Read
                0x00000000       0x1c .\CortexM0\ARM_GCC_484\Debug\TLC 2.a(WRed.o)
 .text.WRed_ReadDataReg
                0x00000000       0x1c .\CortexM0\ARM_GCC_484\Debug\TLC 2.a(WRed.o)
 .text.WRed_ClearInterrupt
                0x00000000       0x30 .\CortexM0\ARM_GCC_484\Debug\TLC 2.a(WRed.o)
 .text          0x00000000        0x0 .\CortexM0\ARM_GCC_484\Debug\TLC 2.a(WYellow.o)
 .data          0x00000000        0x0 .\CortexM0\ARM_GCC_484\Debug\TLC 2.a(WYellow.o)
 .bss           0x00000000        0x0 .\CortexM0\ARM_GCC_484\Debug\TLC 2.a(WYellow.o)
 .text.WYellow_SetDriveMode
                0x00000000       0x30 .\CortexM0\ARM_GCC_484\Debug\TLC 2.a(WYellow.o)
 .text.WYellow_Read
                0x00000000       0x1c .\CortexM0\ARM_GCC_484\Debug\TLC 2.a(WYellow.o)
 .text.WYellow_ReadDataReg
                0x00000000       0x1c .\CortexM0\ARM_GCC_484\Debug\TLC 2.a(WYellow.o)
 .text.WYellow_ClearInterrupt
                0x00000000       0x30 .\CortexM0\ARM_GCC_484\Debug\TLC 2.a(WYellow.o)
 .text          0x00000000        0x0 .\CortexM0\ARM_GCC_484\Debug\TLC 2.a(WGreen.o)
 .data          0x00000000        0x0 .\CortexM0\ARM_GCC_484\Debug\TLC 2.a(WGreen.o)
 .bss           0x00000000        0x0 .\CortexM0\ARM_GCC_484\Debug\TLC 2.a(WGreen.o)
 .text.WGreen_SetDriveMode
                0x00000000       0x2c .\CortexM0\ARM_GCC_484\Debug\TLC 2.a(WGreen.o)
 .text.WGreen_Read
                0x00000000       0x1c .\CortexM0\ARM_GCC_484\Debug\TLC 2.a(WGreen.o)
 .text.WGreen_ReadDataReg
                0x00000000       0x1c .\CortexM0\ARM_GCC_484\Debug\TLC 2.a(WGreen.o)
 .text.WGreen_ClearInterrupt
                0x00000000       0x2c .\CortexM0\ARM_GCC_484\Debug\TLC 2.a(WGreen.o)
 .text          0x00000000        0x0 .\CortexM0\ARM_GCC_484\Debug\TLC 2.a(ERed.o)
 .data          0x00000000        0x0 .\CortexM0\ARM_GCC_484\Debug\TLC 2.a(ERed.o)
 .bss           0x00000000        0x0 .\CortexM0\ARM_GCC_484\Debug\TLC 2.a(ERed.o)
 .text.ERed_SetDriveMode
                0x00000000       0x30 .\CortexM0\ARM_GCC_484\Debug\TLC 2.a(ERed.o)
 .text.ERed_Read
                0x00000000       0x1c .\CortexM0\ARM_GCC_484\Debug\TLC 2.a(ERed.o)
 .text.ERed_ReadDataReg
                0x00000000       0x1c .\CortexM0\ARM_GCC_484\Debug\TLC 2.a(ERed.o)
 .text.ERed_ClearInterrupt
                0x00000000       0x30 .\CortexM0\ARM_GCC_484\Debug\TLC 2.a(ERed.o)
 .text          0x00000000        0x0 .\CortexM0\ARM_GCC_484\Debug\TLC 2.a(EYellow.o)
 .data          0x00000000        0x0 .\CortexM0\ARM_GCC_484\Debug\TLC 2.a(EYellow.o)
 .bss           0x00000000        0x0 .\CortexM0\ARM_GCC_484\Debug\TLC 2.a(EYellow.o)
 .text.EYellow_SetDriveMode
                0x00000000       0x30 .\CortexM0\ARM_GCC_484\Debug\TLC 2.a(EYellow.o)
 .text.EYellow_Read
                0x00000000       0x1c .\CortexM0\ARM_GCC_484\Debug\TLC 2.a(EYellow.o)
 .text.EYellow_ReadDataReg
                0x00000000       0x1c .\CortexM0\ARM_GCC_484\Debug\TLC 2.a(EYellow.o)
 .text.EYellow_ClearInterrupt
                0x00000000       0x30 .\CortexM0\ARM_GCC_484\Debug\TLC 2.a(EYellow.o)
 .text          0x00000000        0x0 .\CortexM0\ARM_GCC_484\Debug\TLC 2.a(EGreen.o)
 .data          0x00000000        0x0 .\CortexM0\ARM_GCC_484\Debug\TLC 2.a(EGreen.o)
 .bss           0x00000000        0x0 .\CortexM0\ARM_GCC_484\Debug\TLC 2.a(EGreen.o)
 .text.EGreen_SetDriveMode
                0x00000000       0x30 .\CortexM0\ARM_GCC_484\Debug\TLC 2.a(EGreen.o)
 .text.EGreen_Read
                0x00000000       0x1c .\CortexM0\ARM_GCC_484\Debug\TLC 2.a(EGreen.o)
 .text.EGreen_ReadDataReg
                0x00000000       0x1c .\CortexM0\ARM_GCC_484\Debug\TLC 2.a(EGreen.o)
 .text.EGreen_ClearInterrupt
                0x00000000       0x30 .\CortexM0\ARM_GCC_484\Debug\TLC 2.a(EGreen.o)
 .text          0x00000000        0x0 .\CortexM0\ARM_GCC_484\Debug\TLC 2.a(NARed.o)
 .data          0x00000000        0x0 .\CortexM0\ARM_GCC_484\Debug\TLC 2.a(NARed.o)
 .bss           0x00000000        0x0 .\CortexM0\ARM_GCC_484\Debug\TLC 2.a(NARed.o)
 .text.NARed_SetDriveMode
                0x00000000       0x30 .\CortexM0\ARM_GCC_484\Debug\TLC 2.a(NARed.o)
 .text.NARed_Read
                0x00000000       0x1c .\CortexM0\ARM_GCC_484\Debug\TLC 2.a(NARed.o)
 .text.NARed_ReadDataReg
                0x00000000       0x1c .\CortexM0\ARM_GCC_484\Debug\TLC 2.a(NARed.o)
 .text.NARed_ClearInterrupt
                0x00000000       0x30 .\CortexM0\ARM_GCC_484\Debug\TLC 2.a(NARed.o)
 .text          0x00000000        0x0 .\CortexM0\ARM_GCC_484\Debug\TLC 2.a(NAYellow.o)
 .data          0x00000000        0x0 .\CortexM0\ARM_GCC_484\Debug\TLC 2.a(NAYellow.o)
 .bss           0x00000000        0x0 .\CortexM0\ARM_GCC_484\Debug\TLC 2.a(NAYellow.o)
 .text.NAYellow_SetDriveMode
                0x00000000       0x30 .\CortexM0\ARM_GCC_484\Debug\TLC 2.a(NAYellow.o)
 .text.NAYellow_Read
                0x00000000       0x1c .\CortexM0\ARM_GCC_484\Debug\TLC 2.a(NAYellow.o)
 .text.NAYellow_ReadDataReg
                0x00000000       0x1c .\CortexM0\ARM_GCC_484\Debug\TLC 2.a(NAYellow.o)
 .text.NAYellow_ClearInterrupt
                0x00000000       0x30 .\CortexM0\ARM_GCC_484\Debug\TLC 2.a(NAYellow.o)
 .text          0x00000000        0x0 .\CortexM0\ARM_GCC_484\Debug\TLC 2.a(NAGreen.o)
 .data          0x00000000        0x0 .\CortexM0\ARM_GCC_484\Debug\TLC 2.a(NAGreen.o)
 .bss           0x00000000        0x0 .\CortexM0\ARM_GCC_484\Debug\TLC 2.a(NAGreen.o)
 .text.NAGreen_SetDriveMode
                0x00000000       0x2c .\CortexM0\ARM_GCC_484\Debug\TLC 2.a(NAGreen.o)
 .text.NAGreen_Read
                0x00000000       0x1c .\CortexM0\ARM_GCC_484\Debug\TLC 2.a(NAGreen.o)
 .text.NAGreen_ReadDataReg
                0x00000000       0x1c .\CortexM0\ARM_GCC_484\Debug\TLC 2.a(NAGreen.o)
 .text.NAGreen_ClearInterrupt
                0x00000000       0x2c .\CortexM0\ARM_GCC_484\Debug\TLC 2.a(NAGreen.o)
 .text          0x00000000        0x0 .\CortexM0\ARM_GCC_484\Debug\TLC 2.a(SARed.o)
 .data          0x00000000        0x0 .\CortexM0\ARM_GCC_484\Debug\TLC 2.a(SARed.o)
 .bss           0x00000000        0x0 .\CortexM0\ARM_GCC_484\Debug\TLC 2.a(SARed.o)
 .text.SARed_SetDriveMode
                0x00000000       0x30 .\CortexM0\ARM_GCC_484\Debug\TLC 2.a(SARed.o)
 .text.SARed_Read
                0x00000000       0x1c .\CortexM0\ARM_GCC_484\Debug\TLC 2.a(SARed.o)
 .text.SARed_ReadDataReg
                0x00000000       0x1c .\CortexM0\ARM_GCC_484\Debug\TLC 2.a(SARed.o)
 .text.SARed_ClearInterrupt
                0x00000000       0x30 .\CortexM0\ARM_GCC_484\Debug\TLC 2.a(SARed.o)
 .text          0x00000000        0x0 .\CortexM0\ARM_GCC_484\Debug\TLC 2.a(SAYellow.o)
 .data          0x00000000        0x0 .\CortexM0\ARM_GCC_484\Debug\TLC 2.a(SAYellow.o)
 .bss           0x00000000        0x0 .\CortexM0\ARM_GCC_484\Debug\TLC 2.a(SAYellow.o)
 .text.SAYellow_SetDriveMode
                0x00000000       0x30 .\CortexM0\ARM_GCC_484\Debug\TLC 2.a(SAYellow.o)
 .text.SAYellow_Read
                0x00000000       0x1c .\CortexM0\ARM_GCC_484\Debug\TLC 2.a(SAYellow.o)
 .text.SAYellow_ReadDataReg
                0x00000000       0x1c .\CortexM0\ARM_GCC_484\Debug\TLC 2.a(SAYellow.o)
 .text.SAYellow_ClearInterrupt
                0x00000000       0x30 .\CortexM0\ARM_GCC_484\Debug\TLC 2.a(SAYellow.o)
 .text          0x00000000        0x0 .\CortexM0\ARM_GCC_484\Debug\TLC 2.a(SAGreen.o)
 .data          0x00000000        0x0 .\CortexM0\ARM_GCC_484\Debug\TLC 2.a(SAGreen.o)
 .bss           0x00000000        0x0 .\CortexM0\ARM_GCC_484\Debug\TLC 2.a(SAGreen.o)
 .text.SAGreen_SetDriveMode
                0x00000000       0x30 .\CortexM0\ARM_GCC_484\Debug\TLC 2.a(SAGreen.o)
 .text.SAGreen_Read
                0x00000000       0x1c .\CortexM0\ARM_GCC_484\Debug\TLC 2.a(SAGreen.o)
 .text.SAGreen_ReadDataReg
                0x00000000       0x1c .\CortexM0\ARM_GCC_484\Debug\TLC 2.a(SAGreen.o)
 .text.SAGreen_ClearInterrupt
                0x00000000       0x30 .\CortexM0\ARM_GCC_484\Debug\TLC 2.a(SAGreen.o)
 .text          0x00000000        0x0 .\CortexM0\ARM_GCC_484\Debug\TLC 2.a(ESensor.o)
 .data          0x00000000        0x0 .\CortexM0\ARM_GCC_484\Debug\TLC 2.a(ESensor.o)
 .bss           0x00000000        0x0 .\CortexM0\ARM_GCC_484\Debug\TLC 2.a(ESensor.o)
 .text.ESensor_Write
                0x00000000       0x4c .\CortexM0\ARM_GCC_484\Debug\TLC 2.a(ESensor.o)
 .text.ESensor_SetDriveMode
                0x00000000       0x30 .\CortexM0\ARM_GCC_484\Debug\TLC 2.a(ESensor.o)
 .text.ESensor_ReadDataReg
                0x00000000       0x1c .\CortexM0\ARM_GCC_484\Debug\TLC 2.a(ESensor.o)
 .text.ESensor_ClearInterrupt
                0x00000000       0x30 .\CortexM0\ARM_GCC_484\Debug\TLC 2.a(ESensor.o)
 .text          0x00000000        0x0 .\CortexM0\ARM_GCC_484\Debug\TLC 2.a(NASensor.o)
 .data          0x00000000        0x0 .\CortexM0\ARM_GCC_484\Debug\TLC 2.a(NASensor.o)
 .bss           0x00000000        0x0 .\CortexM0\ARM_GCC_484\Debug\TLC 2.a(NASensor.o)
 .text.NASensor_Write
                0x00000000       0x4c .\CortexM0\ARM_GCC_484\Debug\TLC 2.a(NASensor.o)
 .text.NASensor_SetDriveMode
                0x00000000       0x30 .\CortexM0\ARM_GCC_484\Debug\TLC 2.a(NASensor.o)
 .text.NASensor_ReadDataReg
                0x00000000       0x1c .\CortexM0\ARM_GCC_484\Debug\TLC 2.a(NASensor.o)
 .text.NASensor_ClearInterrupt
                0x00000000       0x30 .\CortexM0\ARM_GCC_484\Debug\TLC 2.a(NASensor.o)
 .text          0x00000000        0x0 .\CortexM0\ARM_GCC_484\Debug\TLC 2.a(TLCMode.o)
 .data          0x00000000        0x0 .\CortexM0\ARM_GCC_484\Debug\TLC 2.a(TLCMode.o)
 .bss           0x00000000        0x0 .\CortexM0\ARM_GCC_484\Debug\TLC 2.a(TLCMode.o)
 .text.TLCMode_Write
                0x00000000       0x4c .\CortexM0\ARM_GCC_484\Debug\TLC 2.a(TLCMode.o)
 .text.TLCMode_SetDriveMode
                0x00000000       0x30 .\CortexM0\ARM_GCC_484\Debug\TLC 2.a(TLCMode.o)
 .text.TLCMode_ReadDataReg
                0x00000000       0x1c .\CortexM0\ARM_GCC_484\Debug\TLC 2.a(TLCMode.o)
 .text.TLCMode_ClearInterrupt
                0x00000000       0x30 .\CortexM0\ARM_GCC_484\Debug\TLC 2.a(TLCMode.o)
 .text          0x00000000        0x0 .\CortexM0\ARM_GCC_484\Debug\TLC 2.a(TLCMode1.o)
 .data          0x00000000        0x0 .\CortexM0\ARM_GCC_484\Debug\TLC 2.a(TLCMode1.o)
 .bss           0x00000000        0x0 .\CortexM0\ARM_GCC_484\Debug\TLC 2.a(TLCMode1.o)
 .text.TLCMode1_Write
                0x00000000       0x4c .\CortexM0\ARM_GCC_484\Debug\TLC 2.a(TLCMode1.o)
 .text.TLCMode1_SetDriveMode
                0x00000000       0x30 .\CortexM0\ARM_GCC_484\Debug\TLC 2.a(TLCMode1.o)
 .text.TLCMode1_ReadDataReg
                0x00000000       0x1c .\CortexM0\ARM_GCC_484\Debug\TLC 2.a(TLCMode1.o)
 .text.TLCMode1_ClearInterrupt
                0x00000000       0x30 .\CortexM0\ARM_GCC_484\Debug\TLC 2.a(TLCMode1.o)
 .text          0x00000000        0x0 .\CortexM0\ARM_GCC_484\Debug\TLC 2.a(TLCMode2.o)
 .data          0x00000000        0x0 .\CortexM0\ARM_GCC_484\Debug\TLC 2.a(TLCMode2.o)
 .bss           0x00000000        0x0 .\CortexM0\ARM_GCC_484\Debug\TLC 2.a(TLCMode2.o)
 .text.TLCMode2_Write
                0x00000000       0x4c .\CortexM0\ARM_GCC_484\Debug\TLC 2.a(TLCMode2.o)
 .text.TLCMode2_SetDriveMode
                0x00000000       0x30 .\CortexM0\ARM_GCC_484\Debug\TLC 2.a(TLCMode2.o)
 .text.TLCMode2_ReadDataReg
                0x00000000       0x1c .\CortexM0\ARM_GCC_484\Debug\TLC 2.a(TLCMode2.o)
 .text.TLCMode2_ClearInterrupt
                0x00000000       0x30 .\CortexM0\ARM_GCC_484\Debug\TLC 2.a(TLCMode2.o)
 .data          0x00000000        0x0 .\CortexM0\ARM_GCC_484\Debug\TLC 2.a(CyBootAsmGnu.o)
 .bss           0x00000000        0x0 .\CortexM0\ARM_GCC_484\Debug\TLC 2.a(CyBootAsmGnu.o)
 .text          0x00000000       0x9c c:/program files (x86)/cypress/psoc creator/3.1/psoc creator/import/gnu_cs/arm/4.8.4/bin/../lib/gcc/arm-none-eabi/4.8.4/armv6-m\libgcc.a(_udivsi3.o)
 .data          0x00000000        0x0 c:/program files (x86)/cypress/psoc creator/3.1/psoc creator/import/gnu_cs/arm/4.8.4/bin/../lib/gcc/arm-none-eabi/4.8.4/armv6-m\libgcc.a(_udivsi3.o)
 .bss           0x00000000        0x0 c:/program files (x86)/cypress/psoc creator/3.1/psoc creator/import/gnu_cs/arm/4.8.4/bin/../lib/gcc/arm-none-eabi/4.8.4/armv6-m\libgcc.a(_udivsi3.o)
 .text          0x00000000       0xc0 c:/program files (x86)/cypress/psoc creator/3.1/psoc creator/import/gnu_cs/arm/4.8.4/bin/../lib/gcc/arm-none-eabi/4.8.4/armv6-m\libgcc.a(_divsi3.o)
 .data          0x00000000        0x0 c:/program files (x86)/cypress/psoc creator/3.1/psoc creator/import/gnu_cs/arm/4.8.4/bin/../lib/gcc/arm-none-eabi/4.8.4/armv6-m\libgcc.a(_divsi3.o)
 .bss           0x00000000        0x0 c:/program files (x86)/cypress/psoc creator/3.1/psoc creator/import/gnu_cs/arm/4.8.4/bin/../lib/gcc/arm-none-eabi/4.8.4/armv6-m\libgcc.a(_divsi3.o)
 .text          0x00000000        0x4 c:/program files (x86)/cypress/psoc creator/3.1/psoc creator/import/gnu_cs/arm/4.8.4/bin/../lib/gcc/arm-none-eabi/4.8.4/armv6-m\libgcc.a(_dvmd_tls.o)
 .data          0x00000000        0x0 c:/program files (x86)/cypress/psoc creator/3.1/psoc creator/import/gnu_cs/arm/4.8.4/bin/../lib/gcc/arm-none-eabi/4.8.4/armv6-m\libgcc.a(_dvmd_tls.o)
 .bss           0x00000000        0x0 c:/program files (x86)/cypress/psoc creator/3.1/psoc creator/import/gnu_cs/arm/4.8.4/bin/../lib/gcc/arm-none-eabi/4.8.4/armv6-m\libgcc.a(_dvmd_tls.o)
 .text          0x00000000        0x0 c:/program files (x86)/cypress/psoc creator/3.1/psoc creator/import/gnu_cs/arm/4.8.4/bin/../lib/gcc/arm-none-eabi/4.8.4/../../../../arm-none-eabi/lib/armv6-m\libg_s.a(lib_a-errno.o)
 .data          0x00000000        0x0 c:/program files (x86)/cypress/psoc creator/3.1/psoc creator/import/gnu_cs/arm/4.8.4/bin/../lib/gcc/arm-none-eabi/4.8.4/../../../../arm-none-eabi/lib/armv6-m\libg_s.a(lib_a-errno.o)
 .bss           0x00000000        0x0 c:/program files (x86)/cypress/psoc creator/3.1/psoc creator/import/gnu_cs/arm/4.8.4/bin/../lib/gcc/arm-none-eabi/4.8.4/../../../../arm-none-eabi/lib/armv6-m\libg_s.a(lib_a-errno.o)
 .text.__errno  0x00000000        0xc c:/program files (x86)/cypress/psoc creator/3.1/psoc creator/import/gnu_cs/arm/4.8.4/bin/../lib/gcc/arm-none-eabi/4.8.4/../../../../arm-none-eabi/lib/armv6-m\libg_s.a(lib_a-errno.o)
 .text          0x00000000        0x0 c:/program files (x86)/cypress/psoc creator/3.1/psoc creator/import/gnu_cs/arm/4.8.4/bin/../lib/gcc/arm-none-eabi/4.8.4/../../../../arm-none-eabi/lib/armv6-m\libg_s.a(lib_a-exit.o)
 .data          0x00000000        0x0 c:/program files (x86)/cypress/psoc creator/3.1/psoc creator/import/gnu_cs/arm/4.8.4/bin/../lib/gcc/arm-none-eabi/4.8.4/../../../../arm-none-eabi/lib/armv6-m\libg_s.a(lib_a-exit.o)
 .bss           0x00000000        0x0 c:/program files (x86)/cypress/psoc creator/3.1/psoc creator/import/gnu_cs/arm/4.8.4/bin/../lib/gcc/arm-none-eabi/4.8.4/../../../../arm-none-eabi/lib/armv6-m\libg_s.a(lib_a-exit.o)
 .text.exit     0x00000000       0x2c c:/program files (x86)/cypress/psoc creator/3.1/psoc creator/import/gnu_cs/arm/4.8.4/bin/../lib/gcc/arm-none-eabi/4.8.4/../../../../arm-none-eabi/lib/armv6-m\libg_s.a(lib_a-exit.o)
 .text          0x00000000        0x0 c:/program files (x86)/cypress/psoc creator/3.1/psoc creator/import/gnu_cs/arm/4.8.4/bin/../lib/gcc/arm-none-eabi/4.8.4/../../../../arm-none-eabi/lib/armv6-m\libg_s.a(lib_a-impure.o)
 .data          0x00000000        0x0 c:/program files (x86)/cypress/psoc creator/3.1/psoc creator/import/gnu_cs/arm/4.8.4/bin/../lib/gcc/arm-none-eabi/4.8.4/../../../../arm-none-eabi/lib/armv6-m\libg_s.a(lib_a-impure.o)
 .bss           0x00000000        0x0 c:/program files (x86)/cypress/psoc creator/3.1/psoc creator/import/gnu_cs/arm/4.8.4/bin/../lib/gcc/arm-none-eabi/4.8.4/../../../../arm-none-eabi/lib/armv6-m\libg_s.a(lib_a-impure.o)
 .data.impure_data
                0x00000000       0x60 c:/program files (x86)/cypress/psoc creator/3.1/psoc creator/import/gnu_cs/arm/4.8.4/bin/../lib/gcc/arm-none-eabi/4.8.4/../../../../arm-none-eabi/lib/armv6-m\libg_s.a(lib_a-impure.o)
 .data._impure_ptr
                0x00000000        0x4 c:/program files (x86)/cypress/psoc creator/3.1/psoc creator/import/gnu_cs/arm/4.8.4/bin/../lib/gcc/arm-none-eabi/4.8.4/../../../../arm-none-eabi/lib/armv6-m\libg_s.a(lib_a-impure.o)
 .rodata.str1.1
                0x00000000        0x2 c:/program files (x86)/cypress/psoc creator/3.1/psoc creator/import/gnu_cs/arm/4.8.4/bin/../lib/gcc/arm-none-eabi/4.8.4/../../../../arm-none-eabi/lib/armv6-m\libg_s.a(lib_a-impure.o)
 .rodata._global_impure_ptr
                0x00000000        0x4 c:/program files (x86)/cypress/psoc creator/3.1/psoc creator/import/gnu_cs/arm/4.8.4/bin/../lib/gcc/arm-none-eabi/4.8.4/../../../../arm-none-eabi/lib/armv6-m\libg_s.a(lib_a-impure.o)
 .text          0x00000000        0x0 c:/program files (x86)/cypress/psoc creator/3.1/psoc creator/import/gnu_cs/arm/4.8.4/bin/../lib/gcc/arm-none-eabi/4.8.4/../../../../arm-none-eabi/lib/armv6-m\libg_s.a(lib_a-init.o)
 .data          0x00000000        0x0 c:/program files (x86)/cypress/psoc creator/3.1/psoc creator/import/gnu_cs/arm/4.8.4/bin/../lib/gcc/arm-none-eabi/4.8.4/../../../../arm-none-eabi/lib/armv6-m\libg_s.a(lib_a-init.o)
 .bss           0x00000000        0x0 c:/program files (x86)/cypress/psoc creator/3.1/psoc creator/import/gnu_cs/arm/4.8.4/bin/../lib/gcc/arm-none-eabi/4.8.4/../../../../arm-none-eabi/lib/armv6-m\libg_s.a(lib_a-init.o)
 .text          0x00000000        0x0 c:/program files (x86)/cypress/psoc creator/3.1/psoc creator/import/gnu_cs/arm/4.8.4/bin/../lib/gcc/arm-none-eabi/4.8.4/../../../../arm-none-eabi/lib/armv6-m\libg_s.a(lib_a-memcpy-stub.o)
 .data          0x00000000        0x0 c:/program files (x86)/cypress/psoc creator/3.1/psoc creator/import/gnu_cs/arm/4.8.4/bin/../lib/gcc/arm-none-eabi/4.8.4/../../../../arm-none-eabi/lib/armv6-m\libg_s.a(lib_a-memcpy-stub.o)
 .bss           0x00000000        0x0 c:/program files (x86)/cypress/psoc creator/3.1/psoc creator/import/gnu_cs/arm/4.8.4/bin/../lib/gcc/arm-none-eabi/4.8.4/../../../../arm-none-eabi/lib/armv6-m\libg_s.a(lib_a-memcpy-stub.o)
 .text.memcpy   0x00000000       0x12 c:/program files (x86)/cypress/psoc creator/3.1/psoc creator/import/gnu_cs/arm/4.8.4/bin/../lib/gcc/arm-none-eabi/4.8.4/../../../../arm-none-eabi/lib/armv6-m\libg_s.a(lib_a-memcpy-stub.o)
 .text          0x00000000        0x0 c:/program files (x86)/cypress/psoc creator/3.1/psoc creator/import/gnu_cs/arm/4.8.4/bin/../lib/gcc/arm-none-eabi/4.8.4/../../../../arm-none-eabi/lib/armv6-m\libg_s.a(lib_a-memset.o)
 .data          0x00000000        0x0 c:/program files (x86)/cypress/psoc creator/3.1/psoc creator/import/gnu_cs/arm/4.8.4/bin/../lib/gcc/arm-none-eabi/4.8.4/../../../../arm-none-eabi/lib/armv6-m\libg_s.a(lib_a-memset.o)
 .bss           0x00000000        0x0 c:/program files (x86)/cypress/psoc creator/3.1/psoc creator/import/gnu_cs/arm/4.8.4/bin/../lib/gcc/arm-none-eabi/4.8.4/../../../../arm-none-eabi/lib/armv6-m\libg_s.a(lib_a-memset.o)
 .text          0x00000000        0x0 c:/program files (x86)/cypress/psoc creator/3.1/psoc creator/import/gnu_cs/arm/4.8.4/bin/../lib/gcc/arm-none-eabi/4.8.4/armv6-m/crtend.o
 .data          0x00000000        0x0 c:/program files (x86)/cypress/psoc creator/3.1/psoc creator/import/gnu_cs/arm/4.8.4/bin/../lib/gcc/arm-none-eabi/4.8.4/armv6-m/crtend.o
 .bss           0x00000000        0x0 c:/program files (x86)/cypress/psoc creator/3.1/psoc creator/import/gnu_cs/arm/4.8.4/bin/../lib/gcc/arm-none-eabi/4.8.4/armv6-m/crtend.o
 .text          0x00000000        0x0 c:/program files (x86)/cypress/psoc creator/3.1/psoc creator/import/gnu_cs/arm/4.8.4/bin/../lib/gcc/arm-none-eabi/4.8.4/armv6-m/crtn.o
 .data          0x00000000        0x0 c:/program files (x86)/cypress/psoc creator/3.1/psoc creator/import/gnu_cs/arm/4.8.4/bin/../lib/gcc/arm-none-eabi/4.8.4/armv6-m/crtn.o
 .bss           0x00000000        0x0 c:/program files (x86)/cypress/psoc creator/3.1/psoc creator/import/gnu_cs/arm/4.8.4/bin/../lib/gcc/arm-none-eabi/4.8.4/armv6-m/crtn.o

Memory Configuration

Name             Origin             Length             Attributes
rom              0x00000000         0x00020000         xr
ram              0x20000000         0x00004000         xrw
*default*        0x00000000         0xffffffff

Linker script and memory map

LOAD c:/program files (x86)/cypress/psoc creator/3.1/psoc creator/import/gnu_cs/arm/4.8.4/bin/../lib/gcc/arm-none-eabi/4.8.4/armv6-m/crti.o
LOAD c:/program files (x86)/cypress/psoc creator/3.1/psoc creator/import/gnu_cs/arm/4.8.4/bin/../lib/gcc/arm-none-eabi/4.8.4/armv6-m/crtbegin.o
LOAD c:/program files (x86)/cypress/psoc creator/3.1/psoc creator/import/gnu_cs/arm/4.8.4/bin/../lib/gcc/arm-none-eabi/4.8.4/../../../../arm-none-eabi/lib/armv6-m/crt0.o
START GROUP
LOAD .\CortexM0\ARM_GCC_484\Debug\main.o
LOAD .\CortexM0\ARM_GCC_484\Debug\cymetadata.o
LOAD .\CortexM0\ARM_GCC_484\Debug\Cm0Start.o
LOAD .\CortexM0\ARM_GCC_484\Debug\TLC 2.a
LOAD C:\Program Files (x86)\Cypress\PSoC Creator\3.1\PSoC Creator\psoc\content\cycomponentlibrary\CyComponentLibrary.cylib\CortexM0\ARM_GCC_484\Debug\CyComponentLibrary.a
END GROUP
START GROUP
LOAD c:/program files (x86)/cypress/psoc creator/3.1/psoc creator/import/gnu_cs/arm/4.8.4/bin/../lib/gcc/arm-none-eabi/4.8.4/armv6-m\libgcc.a
LOAD c:/program files (x86)/cypress/psoc creator/3.1/psoc creator/import/gnu_cs/arm/4.8.4/bin/../lib/gcc/arm-none-eabi/4.8.4/../../../../arm-none-eabi/lib/armv6-m\libg_s.a
LOAD c:/program files (x86)/cypress/psoc creator/3.1/psoc creator/import/gnu_cs/arm/4.8.4/bin/../lib/gcc/arm-none-eabi/4.8.4/../../../../arm-none-eabi/lib/armv6-m\libc_s.a
END GROUP
START GROUP
LOAD c:/program files (x86)/cypress/psoc creator/3.1/psoc creator/import/gnu_cs/arm/4.8.4/bin/../lib/gcc/arm-none-eabi/4.8.4/armv6-m\libgcc.a
LOAD c:/program files (x86)/cypress/psoc creator/3.1/psoc creator/import/gnu_cs/arm/4.8.4/bin/../lib/gcc/arm-none-eabi/4.8.4/../../../../arm-none-eabi/lib/armv6-m\libc_s.a
END GROUP
LOAD c:/program files (x86)/cypress/psoc creator/3.1/psoc creator/import/gnu_cs/arm/4.8.4/bin/../lib/gcc/arm-none-eabi/4.8.4/armv6-m/crtend.o
LOAD c:/program files (x86)/cypress/psoc creator/3.1/psoc creator/import/gnu_cs/arm/4.8.4/bin/../lib/gcc/arm-none-eabi/4.8.4/armv6-m/crtn.o
START GROUP
LOAD c:/program files (x86)/cypress/psoc creator/3.1/psoc creator/import/gnu_cs/arm/4.8.4/bin/../lib/gcc/arm-none-eabi/4.8.4/armv6-m\libgcc.a
LOAD c:/program files (x86)/cypress/psoc creator/3.1/psoc creator/import/gnu_cs/arm/4.8.4/bin/../lib/gcc/arm-none-eabi/4.8.4/../../../../arm-none-eabi/lib/armv6-m\libc.a
LOAD c:/program files (x86)/cypress/psoc creator/3.1/psoc creator/import/gnu_cs/arm/4.8.4/bin/../lib/gcc/arm-none-eabi/4.8.4/../../../../arm-none-eabi/lib/armv6-m\libnosys.a
END GROUP
                0x00000000                CY_APPL_ORIGIN = 0x0
                0x00000080                CY_FLASH_ROW_SIZE = 0x80
                0x00000001                CY_APPL_NUM = 0x1
                0x00000040                CY_METADATA_SIZE = 0x40
                0x20000100                PROVIDE (__cy_heap_start, _end)
                0x00000001                PROVIDE (__cy_region_num, ((__cy_regions_end - __cy_regions) / 0x10))
                0x20004000                PROVIDE (__cy_stack, (ORIGIN (ram) + 0x4000))
                0x20003800                PROVIDE (__cy_heap_end, (__cy_stack - 0x800))

.cybootloader   0x00000000        0x0
 *(.cybootloader)
                0x00000000                appl1_start = CY_APPL_ORIGIN?CY_APPL_ORIGIN:ALIGN (CY_FLASH_ROW_SIZE)
                0x0000ff80                appl2_start = (appl1_start + ALIGN ((((0x20000 - appl1_start) - (0x2 * CY_FLASH_ROW_SIZE)) / 0x2), CY_FLASH_ROW_SIZE))
                0x00000000                appl_start = (CY_APPL_NUM == 0x1)?appl1_start:appl2_start

.text           0x00000000     0x1c14
 CREATE_OBJECT_SYMBOLS
                0x00000000                PROVIDE (__cy_interrupt_vector, RomVectors)
 *(.romvectors)
 .romvectors    0x00000000       0x10 .\CortexM0\ARM_GCC_484\Debug\Cm0Start.o
                0x00000000                RomVectors
                0x00000001                ASSERT ((. != __cy_interrupt_vector), No interrupt vector)
                0x00000001                ASSERT (CY_APPL_ORIGIN?(SIZEOF (.cybootloader) <= CY_APPL_ORIGIN):0x1, Wrong image location)
                0x00000010                PROVIDE (__cy_reset, Reset)
 *(.text.Reset)
 .text.Reset    0x00000010        0x8 .\CortexM0\ARM_GCC_484\Debug\Cm0Start.o
                0x00000010                Reset
                0x00000001                ASSERT ((. != __cy_reset), No reset code)
 *(.psocinit)
 .psocinit      0x00000018      0x2b4 .\CortexM0\ARM_GCC_484\Debug\TLC 2.a(cyfitter_cfg.o)
                0x00000170                cyfitter_cfg
                0x000002cc                . = MAX (., 0x100)
 *(.text .text.* .gnu.linkonce.t.*)
 .text          0x000002cc       0x60 c:/program files (x86)/cypress/psoc creator/3.1/psoc creator/import/gnu_cs/arm/4.8.4/bin/../lib/gcc/arm-none-eabi/4.8.4/armv6-m/crtbegin.o
 .text.main     0x0000032c      0xecc .\CortexM0\ARM_GCC_484\Debug\main.o
                0x0000032c                main
 .text.IntDefaultHandler
                0x000011f8        0x8 .\CortexM0\ARM_GCC_484\Debug\Cm0Start.o
                0x000011f8                IntDefaultHandler
 .text.Start_c  0x00001200       0x98 .\CortexM0\ARM_GCC_484\Debug\Cm0Start.o
                0x00001200                Start_c
 .text.initialize_psoc
                0x00001298       0x70 .\CortexM0\ARM_GCC_484\Debug\Cm0Start.o
                0x00001298                initialize_psoc
 .text.CYMEMZERO
                0x00001308       0x20 .\CortexM0\ARM_GCC_484\Debug\TLC 2.a(cyfitter_cfg.o)
 .text.cfg_write_bytes32
                0x00001328       0x80 .\CortexM0\ARM_GCC_484\Debug\TLC 2.a(cyfitter_cfg.o)
 .text.AnalogSetDefault
                0x000013a8       0x28 .\CortexM0\ARM_GCC_484\Debug\TLC 2.a(cyfitter_cfg.o)
 .text.CySysClkWcoSetHighPowerMode
                0x000013d0       0x3c .\CortexM0\ARM_GCC_484\Debug\TLC 2.a(CyLib.o)
 .text.CySysClkWcoSetLowPowerMode
                0x0000140c       0x48 .\CortexM0\ARM_GCC_484\Debug\TLC 2.a(CyLib.o)
 .text.CySysClkEcoStart
                0x00001454       0x74 .\CortexM0\ARM_GCC_484\Debug\TLC 2.a(CyLib.o)
                0x00001454                CySysClkEcoStart
 .text.CySysClkEcoReadStatus
                0x000014c8       0x18 .\CortexM0\ARM_GCC_484\Debug\TLC 2.a(CyLib.o)
                0x000014c8                CySysClkEcoReadStatus
 .text.CySysClkWcoStart
                0x000014e0       0x20 .\CortexM0\ARM_GCC_484\Debug\TLC 2.a(CyLib.o)
                0x000014e0                CySysClkWcoStart
 .text.CySysClkWcoSetPowerMode
                0x00001500       0x40 .\CortexM0\ARM_GCC_484\Debug\TLC 2.a(CyLib.o)
                0x00001500                CySysClkWcoSetPowerMode
 .text.CyHalt   0x00001540       0x14 .\CortexM0\ARM_GCC_484\Debug\TLC 2.a(CyLib.o)
                0x00001540                CyHalt
 .text.CyDelay  0x00001554       0x48 .\CortexM0\ARM_GCC_484\Debug\TLC 2.a(CyLib.o)
                0x00001554                CyDelay
 .text.CyDelayUs
                0x0000159c       0x28 .\CortexM0\ARM_GCC_484\Debug\TLC 2.a(CyLib.o)
                0x0000159c                CyDelayUs
 .text.NRed_Write
                0x000015c4       0x4c .\CortexM0\ARM_GCC_484\Debug\TLC 2.a(NRed.o)
                0x000015c4                NRed_Write
 .text.NYellow_Write
                0x00001610       0x4c .\CortexM0\ARM_GCC_484\Debug\TLC 2.a(NYellow.o)
                0x00001610                NYellow_Write
 .text.NGreen_Write
                0x0000165c       0x48 .\CortexM0\ARM_GCC_484\Debug\TLC 2.a(NGreen.o)
                0x0000165c                NGreen_Write
 .text.SRed_Write
                0x000016a4       0x4c .\CortexM0\ARM_GCC_484\Debug\TLC 2.a(SRed.o)
                0x000016a4                SRed_Write
 .text.SYellow_Write
                0x000016f0       0x4c .\CortexM0\ARM_GCC_484\Debug\TLC 2.a(SYellow.o)
                0x000016f0                SYellow_Write
 .text.SGreen_Write
                0x0000173c       0x48 .\CortexM0\ARM_GCC_484\Debug\TLC 2.a(SGreen.o)
                0x0000173c                SGreen_Write
 .text.WRed_Write
                0x00001784       0x4c .\CortexM0\ARM_GCC_484\Debug\TLC 2.a(WRed.o)
                0x00001784                WRed_Write
 .text.WYellow_Write
                0x000017d0       0x4c .\CortexM0\ARM_GCC_484\Debug\TLC 2.a(WYellow.o)
                0x000017d0                WYellow_Write
 .text.WGreen_Write
                0x0000181c       0x48 .\CortexM0\ARM_GCC_484\Debug\TLC 2.a(WGreen.o)
                0x0000181c                WGreen_Write
 .text.ERed_Write
                0x00001864       0x4c .\CortexM0\ARM_GCC_484\Debug\TLC 2.a(ERed.o)
                0x00001864                ERed_Write
 .text.EYellow_Write
                0x000018b0       0x4c .\CortexM0\ARM_GCC_484\Debug\TLC 2.a(EYellow.o)
                0x000018b0                EYellow_Write
 .text.EGreen_Write
                0x000018fc       0x4c .\CortexM0\ARM_GCC_484\Debug\TLC 2.a(EGreen.o)
                0x000018fc                EGreen_Write
 .text.NARed_Write
                0x00001948       0x4c .\CortexM0\ARM_GCC_484\Debug\TLC 2.a(NARed.o)
                0x00001948                NARed_Write
 .text.NAYellow_Write
                0x00001994       0x4c .\CortexM0\ARM_GCC_484\Debug\TLC 2.a(NAYellow.o)
                0x00001994                NAYellow_Write
 .text.NAGreen_Write
                0x000019e0       0x48 .\CortexM0\ARM_GCC_484\Debug\TLC 2.a(NAGreen.o)
                0x000019e0                NAGreen_Write
 .text.SARed_Write
                0x00001a28       0x4c .\CortexM0\ARM_GCC_484\Debug\TLC 2.a(SARed.o)
                0x00001a28                SARed_Write
 .text.SAYellow_Write
                0x00001a74       0x4c .\CortexM0\ARM_GCC_484\Debug\TLC 2.a(SAYellow.o)
                0x00001a74                SAYellow_Write
 .text.SAGreen_Write
                0x00001ac0       0x4c .\CortexM0\ARM_GCC_484\Debug\TLC 2.a(SAGreen.o)
                0x00001ac0                SAGreen_Write
 .text.ESensor_Read
                0x00001b0c       0x1c .\CortexM0\ARM_GCC_484\Debug\TLC 2.a(ESensor.o)
                0x00001b0c                ESensor_Read
 .text.NASensor_Read
                0x00001b28       0x1c .\CortexM0\ARM_GCC_484\Debug\TLC 2.a(NASensor.o)
                0x00001b28                NASensor_Read
 .text.TLCMode_Read
                0x00001b44       0x1c .\CortexM0\ARM_GCC_484\Debug\TLC 2.a(TLCMode.o)
                0x00001b44                TLCMode_Read
 .text.TLCMode1_Read
                0x00001b60       0x1c .\CortexM0\ARM_GCC_484\Debug\TLC 2.a(TLCMode1.o)
                0x00001b60                TLCMode1_Read
 .text.TLCMode2_Read
                0x00001b7c       0x1c .\CortexM0\ARM_GCC_484\Debug\TLC 2.a(TLCMode2.o)
                0x00001b7c                TLCMode2_Read
 .text          0x00001b98       0x20 .\CortexM0\ARM_GCC_484\Debug\TLC 2.a(CyBootAsmGnu.o)
                0x00001b98                CyDelayCycles
                0x00001baa                CyEnterCriticalSection
                0x00001bb2                CyExitCriticalSection
 .text.__libc_init_array
                0x00001bb8       0x4c c:/program files (x86)/cypress/psoc creator/3.1/psoc creator/import/gnu_cs/arm/4.8.4/bin/../lib/gcc/arm-none-eabi/4.8.4/../../../../arm-none-eabi/lib/armv6-m\libg_s.a(lib_a-init.o)
                0x00001bb8                __libc_init_array
 .text.memset   0x00001c04       0x10 c:/program files (x86)/cypress/psoc creator/3.1/psoc creator/import/gnu_cs/arm/4.8.4/bin/../lib/gcc/arm-none-eabi/4.8.4/../../../../arm-none-eabi/lib/armv6-m\libg_s.a(lib_a-memset.o)
                0x00001c04                memset
 *(.plt)
 *(.gnu.warning)
 *(.glue_7t)
 .glue_7t       0x00000000        0x0 linker stubs
 *(.glue_7)
 .glue_7        0x00000000        0x0 linker stubs
 *(.vfp11_veneer)
 .vfp11_veneer  0x00000000        0x0 linker stubs
 *(.bootloader)
 *(.ARM.extab* .gnu.linkonce.armextab.*)
 *(.gcc_except_table)

.v4_bx          0x00001c14        0x0
 .v4_bx         0x00000000        0x0 linker stubs

.iplt           0x00001c14        0x0
 .iplt          0x00000000        0x0 c:/program files (x86)/cypress/psoc creator/3.1/psoc creator/import/gnu_cs/arm/4.8.4/bin/../lib/gcc/arm-none-eabi/4.8.4/armv6-m/crtbegin.o

.eh_frame_hdr
 *(.eh_frame_hdr)

.eh_frame       0x00001c14        0x4
 *(.eh_frame)
 .eh_frame      0x00001c14        0x0 c:/program files (x86)/cypress/psoc creator/3.1/psoc creator/import/gnu_cs/arm/4.8.4/bin/../lib/gcc/arm-none-eabi/4.8.4/armv6-m/crtbegin.o
 .eh_frame      0x00001c14        0x4 c:/program files (x86)/cypress/psoc creator/3.1/psoc creator/import/gnu_cs/arm/4.8.4/bin/../lib/gcc/arm-none-eabi/4.8.4/armv6-m/crtend.o
                0x00001c18                PROVIDE (__exidx_start, .)

.ARM.exidx
 *(.ARM.exidx* .gnu.linkonce.armexidx.*)
                0x00001c18                __exidx_end = .

.rodata         0x00001c18       0x80
 *(.rodata .rodata.* .gnu.linkonce.r.*)
 .rodata        0x00001c18       0x34 .\CortexM0\ARM_GCC_484\Debug\main.o
 .rodata        0x00001c4c       0x18 .\CortexM0\ARM_GCC_484\Debug\TLC 2.a(cyfitter_cfg.o)
                0x00001c64                . = ALIGN (0x4)
 *(.init)
 .init          0x00001c64        0x4 c:/program files (x86)/cypress/psoc creator/3.1/psoc creator/import/gnu_cs/arm/4.8.4/bin/../lib/gcc/arm-none-eabi/4.8.4/armv6-m/crti.o
                0x00001c64                _init
 .init          0x00001c68        0x8 c:/program files (x86)/cypress/psoc creator/3.1/psoc creator/import/gnu_cs/arm/4.8.4/bin/../lib/gcc/arm-none-eabi/4.8.4/armv6-m/crtn.o
                0x00001c70                . = ALIGN (0x4)
                0x00001c70                __preinit_array_start = .
 *(.preinit_array)
                0x00001c70                __preinit_array_end = .
                0x00001c70                . = ALIGN (0x4)
                0x00001c70                __init_array_start = .
 *(SORT(.init_array.*))
 *(.init_array)
 .init_array    0x00001c70        0x4 c:/program files (x86)/cypress/psoc creator/3.1/psoc creator/import/gnu_cs/arm/4.8.4/bin/../lib/gcc/arm-none-eabi/4.8.4/armv6-m/crtbegin.o
 .init_array    0x00001c74        0x4 .\CortexM0\ARM_GCC_484\Debug\Cm0Start.o
                0x00001c78                __init_array_end = .
                0x00001c78                . = ALIGN (0x4)
 *(.fini)
 .fini          0x00001c78        0x4 c:/program files (x86)/cypress/psoc creator/3.1/psoc creator/import/gnu_cs/arm/4.8.4/bin/../lib/gcc/arm-none-eabi/4.8.4/armv6-m/crti.o
                0x00001c78                _fini
 .fini          0x00001c7c        0x8 c:/program files (x86)/cypress/psoc creator/3.1/psoc creator/import/gnu_cs/arm/4.8.4/bin/../lib/gcc/arm-none-eabi/4.8.4/armv6-m/crtn.o
                0x00001c84                . = ALIGN (0x4)
                0x00001c84                __fini_array_start = .
 *(.fini_array)
 .fini_array    0x00001c84        0x4 c:/program files (x86)/cypress/psoc creator/3.1/psoc creator/import/gnu_cs/arm/4.8.4/bin/../lib/gcc/arm-none-eabi/4.8.4/armv6-m/crtbegin.o
 *(SORT(.fini_array.*))
                0x00001c88                __fini_array_end = .
                0x00001c88                . = ALIGN (0x4)
 *crtbegin.o(.ctors)
 *(EXCLUDE_FILE(*crtend.o) .ctors)
 *(SORT(.ctors.*))
 *crtend.o(.ctors)
                0x00001c88                . = ALIGN (0x4)
 *crtbegin.o(.dtors)
 *(EXCLUDE_FILE(*crtend.o) .dtors)
 *(SORT(.dtors.*))
 *crtend.o(.dtors)
                0x00001c88                . = ALIGN (0x4)
                0x00001c88                __cy_regions = .
                0x00001c88        0x4 LONG 0x1c98 __cy_region_init_ram
                0x00001c8c        0x4 LONG 0x200000c8 __cy_region_start_data
                0x00001c90        0x4 LONG 0x18 __cy_region_init_size_ram
                0x00001c94        0x4 LONG 0x20 __cy_region_zero_size_ram
                0x00001c98                __cy_regions_end = .
                0x00001c98                . = ALIGN (0x8)
                0x00001c98                _etext = .

.ramvectors     0x20000000       0xc0
                0x20000000                __cy_region_start_ram = .
 *(.ramvectors)
 .ramvectors    0x20000000       0xc0 .\CortexM0\ARM_GCC_484\Debug\Cm0Start.o
                0x20000000                CyRamVectors

.noinit         0x200000c0        0x4
 *(.noinit)
 .noinit        0x200000c0        0x4 .\CortexM0\ARM_GCC_484\Debug\Cm0Start.o

.data           0x200000c8       0x18 load address 0x00001c98
                0x200000c8                __cy_region_start_data = .
 *(.jcr)
 .jcr           0x200000c8        0x0 c:/program files (x86)/cypress/psoc creator/3.1/psoc creator/import/gnu_cs/arm/4.8.4/bin/../lib/gcc/arm-none-eabi/4.8.4/armv6-m/crtbegin.o
 .jcr           0x200000c8        0x4 c:/program files (x86)/cypress/psoc creator/3.1/psoc creator/import/gnu_cs/arm/4.8.4/bin/../lib/gcc/arm-none-eabi/4.8.4/armv6-m/crtend.o
 *(.got.plt)
 *(.got)
 *(.shdata)
 *(.data .data.* .gnu.linkonce.d.*)
 .data          0x200000cc        0x4 .\CortexM0\ARM_GCC_484\Debug\TLC 2.a(cyfitter_cfg.o)
 .data          0x200000d0       0x10 .\CortexM0\ARM_GCC_484\Debug\TLC 2.a(CyLib.o)
                0x200000d0                cydelayFreqHz
                0x200000d4                cydelayFreqKhz
                0x200000d8                cydelayFreqMhz
                0x200000dc                cydelay32kMs
                0x200000e0                . = ALIGN (0x8)
 *(.ram)
                0x200000e0                _edata = .

.igot.plt       0x200000e0        0x0 load address 0x00001cb0
 .igot.plt      0x00000000        0x0 c:/program files (x86)/cypress/psoc creator/3.1/psoc creator/import/gnu_cs/arm/4.8.4/bin/../lib/gcc/arm-none-eabi/4.8.4/armv6-m/crtbegin.o

.bss            0x200000e0       0x20 load address 0x00001cb0
                0x200000e0                PROVIDE (__bss_start__, .)
 *(.shbss)
 *(.bss .bss.* .gnu.linkonce.b.*)
 .bss           0x200000e0       0x1c c:/program files (x86)/cypress/psoc creator/3.1/psoc creator/import/gnu_cs/arm/4.8.4/bin/../lib/gcc/arm-none-eabi/4.8.4/armv6-m/crtbegin.o
 *(COMMON)
                0x20000100                . = ALIGN (0x8)
 *fill*         0x200000fc        0x4 
 *(.ram.b)
                0x20000100                _end = .
                0x20000100                __end = .
                0x20000100                PROVIDE (end, .)
                0x20000100                PROVIDE (__bss_end__, .)
                0x00001c98                __cy_region_init_ram = LOADADDR (.data)
                0x00000018                __cy_region_init_size_ram = (_edata - ADDR (.data))
                0x00000020                __cy_region_zero_size_ram = (_end - _edata)

.heap           0x20000100       0x80 load address 0x00001cb0
                0x20000100                . = _end
                0x20000180                . = (. + 0x80)
 *fill*         0x20000100       0x80 
                0x20000180                __cy_heap_limit = .

.stack          0x20003800      0x800
                0x20003800                __cy_stack_limit = .
                0x20004000                . = (. + 0x800)
 *fill*         0x20003800      0x800 
                0x00000001                ASSERT ((__cy_stack_limit >= __cy_heap_limit), region RAM overflowed with stack)

.cyloadermeta
 *(.cyloadermeta)

.cyloadablemeta
 *(.cyloadablemeta)

.cyflashprotect
                0x90400000       0x80
 *(.cyflashprotect)
 .cyflashprotect
                0x90400000       0x80 .\CortexM0\ARM_GCC_484\Debug\cymetadata.o
                0x90400000                cy_meta_flashprotect

.cymeta         0x90500000        0xc
 *(.cymeta)
 .cymeta        0x90500000        0xc .\CortexM0\ARM_GCC_484\Debug\cymetadata.o
                0x90500000                cy_metadata

.cychipprotect  0x90600000        0x4
 *(.cychipprotect)
 .cychipprotect
                0x90600000        0x4 .\CortexM0\ARM_GCC_484\Debug\cymetadata.o
                0x90600000                cy_meta_chipprotect

.rel.dyn        0x00001cb0        0x0 load address 0x90600004
 .rel.iplt      0x00000000        0x0 c:/program files (x86)/cypress/psoc creator/3.1/psoc creator/import/gnu_cs/arm/4.8.4/bin/../lib/gcc/arm-none-eabi/4.8.4/armv6-m/crtbegin.o

.stab
 *(.stab)

.stabstr
 *(.stabstr)

.debug
 *(.debug)

.line
 *(.line)

.debug_srcinfo
 *(.debug_srcinfo)

.debug_sfnames
 *(.debug_sfnames)

.debug_aranges  0x00000000      0x950
 *(.debug_aranges)
 .debug_aranges
                0x00000000       0x20 .\CortexM0\ARM_GCC_484\Debug\main.o
 .debug_aranges
                0x00000020       0x18 .\CortexM0\ARM_GCC_484\Debug\cymetadata.o
 .debug_aranges
                0x00000038       0x48 .\CortexM0\ARM_GCC_484\Debug\Cm0Start.o
 .debug_aranges
                0x00000080       0x58 .\CortexM0\ARM_GCC_484\Debug\TLC 2.a(cyfitter_cfg.o)
 .debug_aranges
                0x000000d8      0x298 .\CortexM0\ARM_GCC_484\Debug\TLC 2.a(CyLib.o)
 .debug_aranges
                0x00000370       0x40 .\CortexM0\ARM_GCC_484\Debug\TLC 2.a(NRed.o)
 .debug_aranges
                0x000003b0       0x40 .\CortexM0\ARM_GCC_484\Debug\TLC 2.a(NYellow.o)
 .debug_aranges
                0x000003f0       0x40 .\CortexM0\ARM_GCC_484\Debug\TLC 2.a(NGreen.o)
 .debug_aranges
                0x00000430       0x40 .\CortexM0\ARM_GCC_484\Debug\TLC 2.a(SRed.o)
 .debug_aranges
                0x00000470       0x40 .\CortexM0\ARM_GCC_484\Debug\TLC 2.a(SYellow.o)
 .debug_aranges
                0x000004b0       0x40 .\CortexM0\ARM_GCC_484\Debug\TLC 2.a(SGreen.o)
 .debug_aranges
                0x000004f0       0x40 .\CortexM0\ARM_GCC_484\Debug\TLC 2.a(WRed.o)
 .debug_aranges
                0x00000530       0x40 .\CortexM0\ARM_GCC_484\Debug\TLC 2.a(WYellow.o)
 .debug_aranges
                0x00000570       0x40 .\CortexM0\ARM_GCC_484\Debug\TLC 2.a(WGreen.o)
 .debug_aranges
                0x000005b0       0x40 .\CortexM0\ARM_GCC_484\Debug\TLC 2.a(ERed.o)
 .debug_aranges
                0x000005f0       0x40 .\CortexM0\ARM_GCC_484\Debug\TLC 2.a(EYellow.o)
 .debug_aranges
                0x00000630       0x40 .\CortexM0\ARM_GCC_484\Debug\TLC 2.a(EGreen.o)
 .debug_aranges
                0x00000670       0x40 .\CortexM0\ARM_GCC_484\Debug\TLC 2.a(NARed.o)
 .debug_aranges
                0x000006b0       0x40 .\CortexM0\ARM_GCC_484\Debug\TLC 2.a(NAYellow.o)
 .debug_aranges
                0x000006f0       0x40 .\CortexM0\ARM_GCC_484\Debug\TLC 2.a(NAGreen.o)
 .debug_aranges
                0x00000730       0x40 .\CortexM0\ARM_GCC_484\Debug\TLC 2.a(SARed.o)
 .debug_aranges
                0x00000770       0x40 .\CortexM0\ARM_GCC_484\Debug\TLC 2.a(SAYellow.o)
 .debug_aranges
                0x000007b0       0x40 .\CortexM0\ARM_GCC_484\Debug\TLC 2.a(SAGreen.o)
 .debug_aranges
                0x000007f0       0x40 .\CortexM0\ARM_GCC_484\Debug\TLC 2.a(ESensor.o)
 .debug_aranges
                0x00000830       0x40 .\CortexM0\ARM_GCC_484\Debug\TLC 2.a(NASensor.o)
 .debug_aranges
                0x00000870       0x40 .\CortexM0\ARM_GCC_484\Debug\TLC 2.a(TLCMode.o)
 .debug_aranges
                0x000008b0       0x40 .\CortexM0\ARM_GCC_484\Debug\TLC 2.a(TLCMode1.o)
 .debug_aranges
                0x000008f0       0x40 .\CortexM0\ARM_GCC_484\Debug\TLC 2.a(TLCMode2.o)
 .debug_aranges
                0x00000930       0x20 .\CortexM0\ARM_GCC_484\Debug\TLC 2.a(CyBootAsmGnu.o)

.debug_pubnames
 *(.debug_pubnames)

.debug_info     0x00000000     0x35de
 *(.debug_info .gnu.linkonce.wi.*)
 .debug_info    0x00000000      0x115 .\CortexM0\ARM_GCC_484\Debug\main.o
 .debug_info    0x00000115       0xfd .\CortexM0\ARM_GCC_484\Debug\cymetadata.o
 .debug_info    0x00000212      0x2ff .\CortexM0\ARM_GCC_484\Debug\Cm0Start.o
 .debug_info    0x00000511      0x442 .\CortexM0\ARM_GCC_484\Debug\TLC 2.a(cyfitter_cfg.o)
 .debug_info    0x00000953      0xe2b .\CortexM0\ARM_GCC_484\Debug\TLC 2.a(CyLib.o)
 .debug_info    0x0000177e      0x14c .\CortexM0\ARM_GCC_484\Debug\TLC 2.a(NRed.o)
 .debug_info    0x000018ca      0x14c .\CortexM0\ARM_GCC_484\Debug\TLC 2.a(NYellow.o)
 .debug_info    0x00001a16      0x14c .\CortexM0\ARM_GCC_484\Debug\TLC 2.a(NGreen.o)
 .debug_info    0x00001b62      0x14c .\CortexM0\ARM_GCC_484\Debug\TLC 2.a(SRed.o)
 .debug_info    0x00001cae      0x14c .\CortexM0\ARM_GCC_484\Debug\TLC 2.a(SYellow.o)
 .debug_info    0x00001dfa      0x14c .\CortexM0\ARM_GCC_484\Debug\TLC 2.a(SGreen.o)
 .debug_info    0x00001f46      0x14c .\CortexM0\ARM_GCC_484\Debug\TLC 2.a(WRed.o)
 .debug_info    0x00002092      0x14c .\CortexM0\ARM_GCC_484\Debug\TLC 2.a(WYellow.o)
 .debug_info    0x000021de      0x14c .\CortexM0\ARM_GCC_484\Debug\TLC 2.a(WGreen.o)
 .debug_info    0x0000232a      0x14c .\CortexM0\ARM_GCC_484\Debug\TLC 2.a(ERed.o)
 .debug_info    0x00002476      0x14c .\CortexM0\ARM_GCC_484\Debug\TLC 2.a(EYellow.o)
 .debug_info    0x000025c2      0x14c .\CortexM0\ARM_GCC_484\Debug\TLC 2.a(EGreen.o)
 .debug_info    0x0000270e      0x14c .\CortexM0\ARM_GCC_484\Debug\TLC 2.a(NARed.o)
 .debug_info    0x0000285a      0x14c .\CortexM0\ARM_GCC_484\Debug\TLC 2.a(NAYellow.o)
 .debug_info    0x000029a6      0x14c .\CortexM0\ARM_GCC_484\Debug\TLC 2.a(NAGreen.o)
 .debug_info    0x00002af2      0x14c .\CortexM0\ARM_GCC_484\Debug\TLC 2.a(SARed.o)
 .debug_info    0x00002c3e      0x14c .\CortexM0\ARM_GCC_484\Debug\TLC 2.a(SAYellow.o)
 .debug_info    0x00002d8a      0x14c .\CortexM0\ARM_GCC_484\Debug\TLC 2.a(SAGreen.o)
 .debug_info    0x00002ed6      0x14c .\CortexM0\ARM_GCC_484\Debug\TLC 2.a(ESensor.o)
 .debug_info    0x00003022      0x14c .\CortexM0\ARM_GCC_484\Debug\TLC 2.a(NASensor.o)
 .debug_info    0x0000316e      0x14c .\CortexM0\ARM_GCC_484\Debug\TLC 2.a(TLCMode.o)
 .debug_info    0x000032ba      0x14c .\CortexM0\ARM_GCC_484\Debug\TLC 2.a(TLCMode1.o)
 .debug_info    0x00003406      0x14c .\CortexM0\ARM_GCC_484\Debug\TLC 2.a(TLCMode2.o)
 .debug_info    0x00003552       0x8c .\CortexM0\ARM_GCC_484\Debug\TLC 2.a(CyBootAsmGnu.o)

.debug_abbrev   0x00000000     0x16c0
 *(.debug_abbrev)
 .debug_abbrev  0x00000000       0x69 .\CortexM0\ARM_GCC_484\Debug\main.o
 .debug_abbrev  0x00000069       0x5d .\CortexM0\ARM_GCC_484\Debug\cymetadata.o
 .debug_abbrev  0x000000c6      0x1b4 .\CortexM0\ARM_GCC_484\Debug\Cm0Start.o
 .debug_abbrev  0x0000027a      0x18a .\CortexM0\ARM_GCC_484\Debug\TLC 2.a(cyfitter_cfg.o)
 .debug_abbrev  0x00000404      0x237 .\CortexM0\ARM_GCC_484\Debug\TLC 2.a(CyLib.o)
 .debug_abbrev  0x0000063b       0xb7 .\CortexM0\ARM_GCC_484\Debug\TLC 2.a(NRed.o)
 .debug_abbrev  0x000006f2       0xb7 .\CortexM0\ARM_GCC_484\Debug\TLC 2.a(NYellow.o)
 .debug_abbrev  0x000007a9       0xb7 .\CortexM0\ARM_GCC_484\Debug\TLC 2.a(NGreen.o)
 .debug_abbrev  0x00000860       0xb7 .\CortexM0\ARM_GCC_484\Debug\TLC 2.a(SRed.o)
 .debug_abbrev  0x00000917       0xb7 .\CortexM0\ARM_GCC_484\Debug\TLC 2.a(SYellow.o)
 .debug_abbrev  0x000009ce       0xb7 .\CortexM0\ARM_GCC_484\Debug\TLC 2.a(SGreen.o)
 .debug_abbrev  0x00000a85       0xb7 .\CortexM0\ARM_GCC_484\Debug\TLC 2.a(WRed.o)
 .debug_abbrev  0x00000b3c       0xb7 .\CortexM0\ARM_GCC_484\Debug\TLC 2.a(WYellow.o)
 .debug_abbrev  0x00000bf3       0xb7 .\CortexM0\ARM_GCC_484\Debug\TLC 2.a(WGreen.o)
 .debug_abbrev  0x00000caa       0xb7 .\CortexM0\ARM_GCC_484\Debug\TLC 2.a(ERed.o)
 .debug_abbrev  0x00000d61       0xb7 .\CortexM0\ARM_GCC_484\Debug\TLC 2.a(EYellow.o)
 .debug_abbrev  0x00000e18       0xb7 .\CortexM0\ARM_GCC_484\Debug\TLC 2.a(EGreen.o)
 .debug_abbrev  0x00000ecf       0xb7 .\CortexM0\ARM_GCC_484\Debug\TLC 2.a(NARed.o)
 .debug_abbrev  0x00000f86       0xb7 .\CortexM0\ARM_GCC_484\Debug\TLC 2.a(NAYellow.o)
 .debug_abbrev  0x0000103d       0xb7 .\CortexM0\ARM_GCC_484\Debug\TLC 2.a(NAGreen.o)
 .debug_abbrev  0x000010f4       0xb7 .\CortexM0\ARM_GCC_484\Debug\TLC 2.a(SARed.o)
 .debug_abbrev  0x000011ab       0xb7 .\CortexM0\ARM_GCC_484\Debug\TLC 2.a(SAYellow.o)
 .debug_abbrev  0x00001262       0xb7 .\CortexM0\ARM_GCC_484\Debug\TLC 2.a(SAGreen.o)
 .debug_abbrev  0x00001319       0xb7 .\CortexM0\ARM_GCC_484\Debug\TLC 2.a(ESensor.o)
 .debug_abbrev  0x000013d0       0xb7 .\CortexM0\ARM_GCC_484\Debug\TLC 2.a(NASensor.o)
 .debug_abbrev  0x00001487       0xb7 .\CortexM0\ARM_GCC_484\Debug\TLC 2.a(TLCMode.o)
 .debug_abbrev  0x0000153e       0xb7 .\CortexM0\ARM_GCC_484\Debug\TLC 2.a(TLCMode1.o)
 .debug_abbrev  0x000015f5       0xb7 .\CortexM0\ARM_GCC_484\Debug\TLC 2.a(TLCMode2.o)
 .debug_abbrev  0x000016ac       0x14 .\CortexM0\ARM_GCC_484\Debug\TLC 2.a(CyBootAsmGnu.o)

.debug_line     0x00000000     0x1f75
 *(.debug_line)
 .debug_line    0x00000000      0x2be .\CortexM0\ARM_GCC_484\Debug\main.o
 .debug_line    0x000002be       0x53 .\CortexM0\ARM_GCC_484\Debug\cymetadata.o
 .debug_line    0x00000311      0x1bc .\CortexM0\ARM_GCC_484\Debug\Cm0Start.o
 .debug_line    0x000004cd      0x1b3 .\CortexM0\ARM_GCC_484\Debug\TLC 2.a(cyfitter_cfg.o)
 .debug_line    0x00000680      0x911 .\CortexM0\ARM_GCC_484\Debug\TLC 2.a(CyLib.o)
 .debug_line    0x00000f91       0xaa .\CortexM0\ARM_GCC_484\Debug\TLC 2.a(NRed.o)
 .debug_line    0x0000103b       0xad .\CortexM0\ARM_GCC_484\Debug\TLC 2.a(NYellow.o)
 .debug_line    0x000010e8       0xac .\CortexM0\ARM_GCC_484\Debug\TLC 2.a(NGreen.o)
 .debug_line    0x00001194       0xaa .\CortexM0\ARM_GCC_484\Debug\TLC 2.a(SRed.o)
 .debug_line    0x0000123e       0xad .\CortexM0\ARM_GCC_484\Debug\TLC 2.a(SYellow.o)
 .debug_line    0x000012eb       0xac .\CortexM0\ARM_GCC_484\Debug\TLC 2.a(SGreen.o)
 .debug_line    0x00001397       0xaa .\CortexM0\ARM_GCC_484\Debug\TLC 2.a(WRed.o)
 .debug_line    0x00001441       0xad .\CortexM0\ARM_GCC_484\Debug\TLC 2.a(WYellow.o)
 .debug_line    0x000014ee       0xac .\CortexM0\ARM_GCC_484\Debug\TLC 2.a(WGreen.o)
 .debug_line    0x0000159a       0xaa .\CortexM0\ARM_GCC_484\Debug\TLC 2.a(ERed.o)
 .debug_line    0x00001644       0xad .\CortexM0\ARM_GCC_484\Debug\TLC 2.a(EYellow.o)
 .debug_line    0x000016f1       0xac .\CortexM0\ARM_GCC_484\Debug\TLC 2.a(EGreen.o)
 .debug_line    0x0000179d       0xab .\CortexM0\ARM_GCC_484\Debug\TLC 2.a(NARed.o)
 .debug_line    0x00001848       0xae .\CortexM0\ARM_GCC_484\Debug\TLC 2.a(NAYellow.o)
 .debug_line    0x000018f6       0xad .\CortexM0\ARM_GCC_484\Debug\TLC 2.a(NAGreen.o)
 .debug_line    0x000019a3       0xab .\CortexM0\ARM_GCC_484\Debug\TLC 2.a(SARed.o)
 .debug_line    0x00001a4e       0xae .\CortexM0\ARM_GCC_484\Debug\TLC 2.a(SAYellow.o)
 .debug_line    0x00001afc       0xad .\CortexM0\ARM_GCC_484\Debug\TLC 2.a(SAGreen.o)
 .debug_line    0x00001ba9       0xad .\CortexM0\ARM_GCC_484\Debug\TLC 2.a(ESensor.o)
 .debug_line    0x00001c56       0xae .\CortexM0\ARM_GCC_484\Debug\TLC 2.a(NASensor.o)
 .debug_line    0x00001d04       0xad .\CortexM0\ARM_GCC_484\Debug\TLC 2.a(TLCMode.o)
 .debug_line    0x00001db1       0xae .\CortexM0\ARM_GCC_484\Debug\TLC 2.a(TLCMode1.o)
 .debug_line    0x00001e5f       0xae .\CortexM0\ARM_GCC_484\Debug\TLC 2.a(TLCMode2.o)
 .debug_line    0x00001f0d       0x68 .\CortexM0\ARM_GCC_484\Debug\TLC 2.a(CyBootAsmGnu.o)

.debug_frame    0x00000000     0x1be4
 *(.debug_frame)
 .debug_frame   0x00000000       0x30 .\CortexM0\ARM_GCC_484\Debug\main.o
 .debug_frame   0x00000030       0xc8 .\CortexM0\ARM_GCC_484\Debug\Cm0Start.o
 .debug_frame   0x000000f8      0x108 .\CortexM0\ARM_GCC_484\Debug\TLC 2.a(cyfitter_cfg.o)
 .debug_frame   0x00000200      0x9d0 .\CortexM0\ARM_GCC_484\Debug\TLC 2.a(CyLib.o)
 .debug_frame   0x00000bd0       0xa8 .\CortexM0\ARM_GCC_484\Debug\TLC 2.a(NRed.o)
 .debug_frame   0x00000c78       0xa8 .\CortexM0\ARM_GCC_484\Debug\TLC 2.a(NYellow.o)
 .debug_frame   0x00000d20       0xa8 .\CortexM0\ARM_GCC_484\Debug\TLC 2.a(NGreen.o)
 .debug_frame   0x00000dc8       0xa8 .\CortexM0\ARM_GCC_484\Debug\TLC 2.a(SRed.o)
 .debug_frame   0x00000e70       0xa8 .\CortexM0\ARM_GCC_484\Debug\TLC 2.a(SYellow.o)
 .debug_frame   0x00000f18       0xa8 .\CortexM0\ARM_GCC_484\Debug\TLC 2.a(SGreen.o)
 .debug_frame   0x00000fc0       0xa8 .\CortexM0\ARM_GCC_484\Debug\TLC 2.a(WRed.o)
 .debug_frame   0x00001068       0xa8 .\CortexM0\ARM_GCC_484\Debug\TLC 2.a(WYellow.o)
 .debug_frame   0x00001110       0xa8 .\CortexM0\ARM_GCC_484\Debug\TLC 2.a(WGreen.o)
 .debug_frame   0x000011b8       0xa8 .\CortexM0\ARM_GCC_484\Debug\TLC 2.a(ERed.o)
 .debug_frame   0x00001260       0xa8 .\CortexM0\ARM_GCC_484\Debug\TLC 2.a(EYellow.o)
 .debug_frame   0x00001308       0xa8 .\CortexM0\ARM_GCC_484\Debug\TLC 2.a(EGreen.o)
 .debug_frame   0x000013b0       0xa8 .\CortexM0\ARM_GCC_484\Debug\TLC 2.a(NARed.o)
 .debug_frame   0x00001458       0xa8 .\CortexM0\ARM_GCC_484\Debug\TLC 2.a(NAYellow.o)
 .debug_frame   0x00001500       0xa8 .\CortexM0\ARM_GCC_484\Debug\TLC 2.a(NAGreen.o)
 .debug_frame   0x000015a8       0xa8 .\CortexM0\ARM_GCC_484\Debug\TLC 2.a(SARed.o)
 .debug_frame   0x00001650       0xa8 .\CortexM0\ARM_GCC_484\Debug\TLC 2.a(SAYellow.o)
 .debug_frame   0x000016f8       0xa8 .\CortexM0\ARM_GCC_484\Debug\TLC 2.a(SAGreen.o)
 .debug_frame   0x000017a0       0xa8 .\CortexM0\ARM_GCC_484\Debug\TLC 2.a(ESensor.o)
 .debug_frame   0x00001848       0xa8 .\CortexM0\ARM_GCC_484\Debug\TLC 2.a(NASensor.o)
 .debug_frame   0x000018f0       0xa8 .\CortexM0\ARM_GCC_484\Debug\TLC 2.a(TLCMode.o)
 .debug_frame   0x00001998       0xa8 .\CortexM0\ARM_GCC_484\Debug\TLC 2.a(TLCMode1.o)
 .debug_frame   0x00001a40       0xa8 .\CortexM0\ARM_GCC_484\Debug\TLC 2.a(TLCMode2.o)
 .debug_frame   0x00001ae8       0x20 c:/program files (x86)/cypress/psoc creator/3.1/psoc creator/import/gnu_cs/arm/4.8.4/bin/../lib/gcc/arm-none-eabi/4.8.4/armv6-m\libgcc.a(_udivsi3.o)
 .debug_frame   0x00001b08       0x20 c:/program files (x86)/cypress/psoc creator/3.1/psoc creator/import/gnu_cs/arm/4.8.4/bin/../lib/gcc/arm-none-eabi/4.8.4/armv6-m\libgcc.a(_divsi3.o)
 .debug_frame   0x00001b28       0x20 c:/program files (x86)/cypress/psoc creator/3.1/psoc creator/import/gnu_cs/arm/4.8.4/bin/../lib/gcc/arm-none-eabi/4.8.4/../../../../arm-none-eabi/lib/armv6-m\libg_s.a(lib_a-errno.o)
 .debug_frame   0x00001b48       0x28 c:/program files (x86)/cypress/psoc creator/3.1/psoc creator/import/gnu_cs/arm/4.8.4/bin/../lib/gcc/arm-none-eabi/4.8.4/../../../../arm-none-eabi/lib/armv6-m\libg_s.a(lib_a-exit.o)
 .debug_frame   0x00001b70       0x2c c:/program files (x86)/cypress/psoc creator/3.1/psoc creator/import/gnu_cs/arm/4.8.4/bin/../lib/gcc/arm-none-eabi/4.8.4/../../../../arm-none-eabi/lib/armv6-m\libg_s.a(lib_a-init.o)
 .debug_frame   0x00001b9c       0x28 c:/program files (x86)/cypress/psoc creator/3.1/psoc creator/import/gnu_cs/arm/4.8.4/bin/../lib/gcc/arm-none-eabi/4.8.4/../../../../arm-none-eabi/lib/armv6-m\libg_s.a(lib_a-memcpy-stub.o)
 .debug_frame   0x00001bc4       0x20 c:/program files (x86)/cypress/psoc creator/3.1/psoc creator/import/gnu_cs/arm/4.8.4/bin/../lib/gcc/arm-none-eabi/4.8.4/../../../../arm-none-eabi/lib/armv6-m\libg_s.a(lib_a-memset.o)

.debug_str      0x00000000     0x1847
 *(.debug_str)
 .debug_str     0x00000000      0x19e .\CortexM0\ARM_GCC_484\Debug\main.o
                                0x1e6 (size before relaxing)
 .debug_str     0x0000019e       0x61 .\CortexM0\ARM_GCC_484\Debug\cymetadata.o
                                0x1b8 (size before relaxing)
 .debug_str     0x000001ff      0x135 .\CortexM0\ARM_GCC_484\Debug\Cm0Start.o
                                0x2a6 (size before relaxing)
 .debug_str     0x00000334      0x1a0 .\CortexM0\ARM_GCC_484\Debug\TLC 2.a(cyfitter_cfg.o)
                                0x340 (size before relaxing)
 .debug_str     0x000004d4      0x868 .\CortexM0\ARM_GCC_484\Debug\TLC 2.a(CyLib.o)
                                0xa05 (size before relaxing)
 .debug_str     0x00000d3c       0x7f .\CortexM0\ARM_GCC_484\Debug\TLC 2.a(NRed.o)
                                0x1eb (size before relaxing)
 .debug_str     0x00000dbb       0x7e .\CortexM0\ARM_GCC_484\Debug\TLC 2.a(NYellow.o)
                                0x1fd (size before relaxing)
 .debug_str     0x00000e39       0x78 .\CortexM0\ARM_GCC_484\Debug\TLC 2.a(NGreen.o)
                                0x1f7 (size before relaxing)
 .debug_str     0x00000eb1       0x6c .\CortexM0\ARM_GCC_484\Debug\TLC 2.a(SRed.o)
                                0x1eb (size before relaxing)
 .debug_str     0x00000f1d       0x7e .\CortexM0\ARM_GCC_484\Debug\TLC 2.a(SYellow.o)
                                0x1fd (size before relaxing)
 .debug_str     0x00000f9b       0x78 .\CortexM0\ARM_GCC_484\Debug\TLC 2.a(SGreen.o)
                                0x1f7 (size before relaxing)
 .debug_str     0x00001013       0x6c .\CortexM0\ARM_GCC_484\Debug\TLC 2.a(WRed.o)
                                0x1eb (size before relaxing)
 .debug_str     0x0000107f       0x7e .\CortexM0\ARM_GCC_484\Debug\TLC 2.a(WYellow.o)
                                0x1fd (size before relaxing)
 .debug_str     0x000010fd       0x78 .\CortexM0\ARM_GCC_484\Debug\TLC 2.a(WGreen.o)
                                0x1f7 (size before relaxing)
 .debug_str     0x00001175       0x6c .\CortexM0\ARM_GCC_484\Debug\TLC 2.a(ERed.o)
                                0x1eb (size before relaxing)
 .debug_str     0x000011e1       0x7e .\CortexM0\ARM_GCC_484\Debug\TLC 2.a(EYellow.o)
                                0x1fd (size before relaxing)
 .debug_str     0x0000125f       0x78 .\CortexM0\ARM_GCC_484\Debug\TLC 2.a(EGreen.o)
                                0x1f7 (size before relaxing)
 .debug_str     0x000012d7       0x72 .\CortexM0\ARM_GCC_484\Debug\TLC 2.a(NARed.o)
                                0x1f1 (size before relaxing)
 .debug_str     0x00001349       0x84 .\CortexM0\ARM_GCC_484\Debug\TLC 2.a(NAYellow.o)
                                0x203 (size before relaxing)
 .debug_str     0x000013cd       0x7e .\CortexM0\ARM_GCC_484\Debug\TLC 2.a(NAGreen.o)
                                0x1fd (size before relaxing)
 .debug_str     0x0000144b       0x72 .\CortexM0\ARM_GCC_484\Debug\TLC 2.a(SARed.o)
                                0x1f1 (size before relaxing)
 .debug_str     0x000014bd       0x84 .\CortexM0\ARM_GCC_484\Debug\TLC 2.a(SAYellow.o)
                                0x203 (size before relaxing)
 .debug_str     0x00001541       0x7e .\CortexM0\ARM_GCC_484\Debug\TLC 2.a(SAGreen.o)
                                0x1fd (size before relaxing)
 .debug_str     0x000015bf       0x7e .\CortexM0\ARM_GCC_484\Debug\TLC 2.a(ESensor.o)
                                0x1fd (size before relaxing)
 .debug_str     0x0000163d       0x84 .\CortexM0\ARM_GCC_484\Debug\TLC 2.a(NASensor.o)
                                0x203 (size before relaxing)
 .debug_str     0x000016c1       0x7e .\CortexM0\ARM_GCC_484\Debug\TLC 2.a(TLCMode.o)
                                0x1fd (size before relaxing)
 .debug_str     0x0000173f       0x84 .\CortexM0\ARM_GCC_484\Debug\TLC 2.a(TLCMode1.o)
                                0x203 (size before relaxing)
 .debug_str     0x000017c3       0x84 .\CortexM0\ARM_GCC_484\Debug\TLC 2.a(TLCMode2.o)
                                0x203 (size before relaxing)

.debug_loc
 *(.debug_loc)

.debug_macinfo
 *(.debug_macinfo)

.debug_ranges   0x00000000      0x768
 *(.debug_ranges)
 .debug_ranges  0x00000000       0x10 .\CortexM0\ARM_GCC_484\Debug\main.o
 .debug_ranges  0x00000010       0x38 .\CortexM0\ARM_GCC_484\Debug\Cm0Start.o
 .debug_ranges  0x00000048       0x48 .\CortexM0\ARM_GCC_484\Debug\TLC 2.a(cyfitter_cfg.o)
 .debug_ranges  0x00000090      0x288 .\CortexM0\ARM_GCC_484\Debug\TLC 2.a(CyLib.o)
 .debug_ranges  0x00000318       0x30 .\CortexM0\ARM_GCC_484\Debug\TLC 2.a(NRed.o)
 .debug_ranges  0x00000348       0x30 .\CortexM0\ARM_GCC_484\Debug\TLC 2.a(NYellow.o)
 .debug_ranges  0x00000378       0x30 .\CortexM0\ARM_GCC_484\Debug\TLC 2.a(NGreen.o)
 .debug_ranges  0x000003a8       0x30 .\CortexM0\ARM_GCC_484\Debug\TLC 2.a(SRed.o)
 .debug_ranges  0x000003d8       0x30 .\CortexM0\ARM_GCC_484\Debug\TLC 2.a(SYellow.o)
 .debug_ranges  0x00000408       0x30 .\CortexM0\ARM_GCC_484\Debug\TLC 2.a(SGreen.o)
 .debug_ranges  0x00000438       0x30 .\CortexM0\ARM_GCC_484\Debug\TLC 2.a(WRed.o)
 .debug_ranges  0x00000468       0x30 .\CortexM0\ARM_GCC_484\Debug\TLC 2.a(WYellow.o)
 .debug_ranges  0x00000498       0x30 .\CortexM0\ARM_GCC_484\Debug\TLC 2.a(WGreen.o)
 .debug_ranges  0x000004c8       0x30 .\CortexM0\ARM_GCC_484\Debug\TLC 2.a(ERed.o)
 .debug_ranges  0x000004f8       0x30 .\CortexM0\ARM_GCC_484\Debug\TLC 2.a(EYellow.o)
 .debug_ranges  0x00000528       0x30 .\CortexM0\ARM_GCC_484\Debug\TLC 2.a(EGreen.o)
 .debug_ranges  0x00000558       0x30 .\CortexM0\ARM_GCC_484\Debug\TLC 2.a(NARed.o)
 .debug_ranges  0x00000588       0x30 .\CortexM0\ARM_GCC_484\Debug\TLC 2.a(NAYellow.o)
 .debug_ranges  0x000005b8       0x30 .\CortexM0\ARM_GCC_484\Debug\TLC 2.a(NAGreen.o)
 .debug_ranges  0x000005e8       0x30 .\CortexM0\ARM_GCC_484\Debug\TLC 2.a(SARed.o)
 .debug_ranges  0x00000618       0x30 .\CortexM0\ARM_GCC_484\Debug\TLC 2.a(SAYellow.o)
 .debug_ranges  0x00000648       0x30 .\CortexM0\ARM_GCC_484\Debug\TLC 2.a(SAGreen.o)
 .debug_ranges  0x00000678       0x30 .\CortexM0\ARM_GCC_484\Debug\TLC 2.a(ESensor.o)
 .debug_ranges  0x000006a8       0x30 .\CortexM0\ARM_GCC_484\Debug\TLC 2.a(NASensor.o)
 .debug_ranges  0x000006d8       0x30 .\CortexM0\ARM_GCC_484\Debug\TLC 2.a(TLCMode.o)
 .debug_ranges  0x00000708       0x30 .\CortexM0\ARM_GCC_484\Debug\TLC 2.a(TLCMode1.o)
 .debug_ranges  0x00000738       0x30 .\CortexM0\ARM_GCC_484\Debug\TLC 2.a(TLCMode2.o)

.comment        0x00000000       0x70
 .comment       0x00000000       0x70 .\CortexM0\ARM_GCC_484\Debug\main.o
                                 0x71 (size before relaxing)
 .comment       0x00000000       0x71 .\CortexM0\ARM_GCC_484\Debug\cymetadata.o
 .comment       0x00000000       0x71 .\CortexM0\ARM_GCC_484\Debug\Cm0Start.o
 .comment       0x00000000       0x71 .\CortexM0\ARM_GCC_484\Debug\TLC 2.a(cyfitter_cfg.o)
 .comment       0x00000000       0x71 .\CortexM0\ARM_GCC_484\Debug\TLC 2.a(CyLib.o)
 .comment       0x00000000       0x71 .\CortexM0\ARM_GCC_484\Debug\TLC 2.a(NRed.o)
 .comment       0x00000000       0x71 .\CortexM0\ARM_GCC_484\Debug\TLC 2.a(NYellow.o)
 .comment       0x00000000       0x71 .\CortexM0\ARM_GCC_484\Debug\TLC 2.a(NGreen.o)
 .comment       0x00000000       0x71 .\CortexM0\ARM_GCC_484\Debug\TLC 2.a(SRed.o)
 .comment       0x00000000       0x71 .\CortexM0\ARM_GCC_484\Debug\TLC 2.a(SYellow.o)
 .comment       0x00000000       0x71 .\CortexM0\ARM_GCC_484\Debug\TLC 2.a(SGreen.o)
 .comment       0x00000000       0x71 .\CortexM0\ARM_GCC_484\Debug\TLC 2.a(WRed.o)
 .comment       0x00000000       0x71 .\CortexM0\ARM_GCC_484\Debug\TLC 2.a(WYellow.o)
 .comment       0x00000000       0x71 .\CortexM0\ARM_GCC_484\Debug\TLC 2.a(WGreen.o)
 .comment       0x00000000       0x71 .\CortexM0\ARM_GCC_484\Debug\TLC 2.a(ERed.o)
 .comment       0x00000000       0x71 .\CortexM0\ARM_GCC_484\Debug\TLC 2.a(EYellow.o)
 .comment       0x00000000       0x71 .\CortexM0\ARM_GCC_484\Debug\TLC 2.a(EGreen.o)
 .comment       0x00000000       0x71 .\CortexM0\ARM_GCC_484\Debug\TLC 2.a(NARed.o)
 .comment       0x00000000       0x71 .\CortexM0\ARM_GCC_484\Debug\TLC 2.a(NAYellow.o)
 .comment       0x00000000       0x71 .\CortexM0\ARM_GCC_484\Debug\TLC 2.a(NAGreen.o)
 .comment       0x00000000       0x71 .\CortexM0\ARM_GCC_484\Debug\TLC 2.a(SARed.o)
 .comment       0x00000000       0x71 .\CortexM0\ARM_GCC_484\Debug\TLC 2.a(SAYellow.o)
 .comment       0x00000000       0x71 .\CortexM0\ARM_GCC_484\Debug\TLC 2.a(SAGreen.o)
 .comment       0x00000000       0x71 .\CortexM0\ARM_GCC_484\Debug\TLC 2.a(ESensor.o)
 .comment       0x00000000       0x71 .\CortexM0\ARM_GCC_484\Debug\TLC 2.a(NASensor.o)
 .comment       0x00000000       0x71 .\CortexM0\ARM_GCC_484\Debug\TLC 2.a(TLCMode.o)
 .comment       0x00000000       0x71 .\CortexM0\ARM_GCC_484\Debug\TLC 2.a(TLCMode1.o)
 .comment       0x00000000       0x71 .\CortexM0\ARM_GCC_484\Debug\TLC 2.a(TLCMode2.o)

.debug_weaknames
 *(.debug_weaknames)

.debug_funcnames
 *(.debug_funcnames)

.debug_typenames
 *(.debug_typenames)

.debug_varnames
 *(.debug_varnames)

.note.gnu.arm.ident
 *(.note.gnu.arm.ident)

.ARM.attributes
                0x00000000       0x28
 *(.ARM.attributes)
 .ARM.attributes
                0x00000000       0x1e c:/program files (x86)/cypress/psoc creator/3.1/psoc creator/import/gnu_cs/arm/4.8.4/bin/../lib/gcc/arm-none-eabi/4.8.4/armv6-m/crti.o
 .ARM.attributes
                0x0000001e       0x2c c:/program files (x86)/cypress/psoc creator/3.1/psoc creator/import/gnu_cs/arm/4.8.4/bin/../lib/gcc/arm-none-eabi/4.8.4/armv6-m/crtbegin.o
 .ARM.attributes
                0x0000004a       0x1b c:/program files (x86)/cypress/psoc creator/3.1/psoc creator/import/gnu_cs/arm/4.8.4/bin/../lib/gcc/arm-none-eabi/4.8.4/../../../../arm-none-eabi/lib/armv6-m/crt0.o
 .ARM.attributes
                0x00000065       0x31 .\CortexM0\ARM_GCC_484\Debug\main.o
 .ARM.attributes
                0x00000096       0x31 .\CortexM0\ARM_GCC_484\Debug\cymetadata.o
 .ARM.attributes
                0x000000c7       0x31 .\CortexM0\ARM_GCC_484\Debug\Cm0Start.o
 .ARM.attributes
                0x000000f8       0x31 .\CortexM0\ARM_GCC_484\Debug\TLC 2.a(cyfitter_cfg.o)
 .ARM.attributes
                0x00000129       0x31 .\CortexM0\ARM_GCC_484\Debug\TLC 2.a(CyLib.o)
 .ARM.attributes
                0x0000015a       0x31 .\CortexM0\ARM_GCC_484\Debug\TLC 2.a(NRed.o)
 .ARM.attributes
                0x0000018b       0x31 .\CortexM0\ARM_GCC_484\Debug\TLC 2.a(NYellow.o)
 .ARM.attributes
                0x000001bc       0x31 .\CortexM0\ARM_GCC_484\Debug\TLC 2.a(NGreen.o)
 .ARM.attributes
                0x000001ed       0x31 .\CortexM0\ARM_GCC_484\Debug\TLC 2.a(SRed.o)
 .ARM.attributes
                0x0000021e       0x31 .\CortexM0\ARM_GCC_484\Debug\TLC 2.a(SYellow.o)
 .ARM.attributes
                0x0000024f       0x31 .\CortexM0\ARM_GCC_484\Debug\TLC 2.a(SGreen.o)
 .ARM.attributes
                0x00000280       0x31 .\CortexM0\ARM_GCC_484\Debug\TLC 2.a(WRed.o)
 .ARM.attributes
                0x000002b1       0x31 .\CortexM0\ARM_GCC_484\Debug\TLC 2.a(WYellow.o)
 .ARM.attributes
                0x000002e2       0x31 .\CortexM0\ARM_GCC_484\Debug\TLC 2.a(WGreen.o)
 .ARM.attributes
                0x00000313       0x31 .\CortexM0\ARM_GCC_484\Debug\TLC 2.a(ERed.o)
 .ARM.attributes
                0x00000344       0x31 .\CortexM0\ARM_GCC_484\Debug\TLC 2.a(EYellow.o)
 .ARM.attributes
                0x00000375       0x31 .\CortexM0\ARM_GCC_484\Debug\TLC 2.a(EGreen.o)
 .ARM.attributes
                0x000003a6       0x31 .\CortexM0\ARM_GCC_484\Debug\TLC 2.a(NARed.o)
 .ARM.attributes
                0x000003d7       0x31 .\CortexM0\ARM_GCC_484\Debug\TLC 2.a(NAYellow.o)
 .ARM.attributes
                0x00000408       0x31 .\CortexM0\ARM_GCC_484\Debug\TLC 2.a(NAGreen.o)
 .ARM.attributes
                0x00000439       0x31 .\CortexM0\ARM_GCC_484\Debug\TLC 2.a(SARed.o)
 .ARM.attributes
                0x0000046a       0x31 .\CortexM0\ARM_GCC_484\Debug\TLC 2.a(SAYellow.o)
 .ARM.attributes
                0x0000049b       0x31 .\CortexM0\ARM_GCC_484\Debug\TLC 2.a(SAGreen.o)
 .ARM.attributes
                0x000004cc       0x31 .\CortexM0\ARM_GCC_484\Debug\TLC 2.a(ESensor.o)
 .ARM.attributes
                0x000004fd       0x31 .\CortexM0\ARM_GCC_484\Debug\TLC 2.a(NASensor.o)
 .ARM.attributes
                0x0000052e       0x31 .\CortexM0\ARM_GCC_484\Debug\TLC 2.a(TLCMode.o)
 .ARM.attributes
                0x0000055f       0x31 .\CortexM0\ARM_GCC_484\Debug\TLC 2.a(TLCMode1.o)
 .ARM.attributes
                0x00000590       0x31 .\CortexM0\ARM_GCC_484\Debug\TLC 2.a(TLCMode2.o)
 .ARM.attributes
                0x000005c1       0x21 .\CortexM0\ARM_GCC_484\Debug\TLC 2.a(CyBootAsmGnu.o)
 .ARM.attributes
                0x000005e2       0x1e c:/program files (x86)/cypress/psoc creator/3.1/psoc creator/import/gnu_cs/arm/4.8.4/bin/../lib/gcc/arm-none-eabi/4.8.4/armv6-m\libgcc.a(_udivsi3.o)
 .ARM.attributes
                0x00000600       0x1e c:/program files (x86)/cypress/psoc creator/3.1/psoc creator/import/gnu_cs/arm/4.8.4/bin/../lib/gcc/arm-none-eabi/4.8.4/armv6-m\libgcc.a(_divsi3.o)
 .ARM.attributes
                0x0000061e       0x1e c:/program files (x86)/cypress/psoc creator/3.1/psoc creator/import/gnu_cs/arm/4.8.4/bin/../lib/gcc/arm-none-eabi/4.8.4/armv6-m\libgcc.a(_dvmd_tls.o)
 .ARM.attributes
                0x0000063c       0x2c c:/program files (x86)/cypress/psoc creator/3.1/psoc creator/import/gnu_cs/arm/4.8.4/bin/../lib/gcc/arm-none-eabi/4.8.4/../../../../arm-none-eabi/lib/armv6-m\libg_s.a(lib_a-errno.o)
 .ARM.attributes
                0x00000668       0x2c c:/program files (x86)/cypress/psoc creator/3.1/psoc creator/import/gnu_cs/arm/4.8.4/bin/../lib/gcc/arm-none-eabi/4.8.4/../../../../arm-none-eabi/lib/armv6-m\libg_s.a(lib_a-exit.o)
 .ARM.attributes
                0x00000694       0x2c c:/program files (x86)/cypress/psoc creator/3.1/psoc creator/import/gnu_cs/arm/4.8.4/bin/../lib/gcc/arm-none-eabi/4.8.4/../../../../arm-none-eabi/lib/armv6-m\libg_s.a(lib_a-impure.o)
 .ARM.attributes
                0x000006c0       0x2c c:/program files (x86)/cypress/psoc creator/3.1/psoc creator/import/gnu_cs/arm/4.8.4/bin/../lib/gcc/arm-none-eabi/4.8.4/../../../../arm-none-eabi/lib/armv6-m\libg_s.a(lib_a-init.o)
 .ARM.attributes
                0x000006ec       0x2c c:/program files (x86)/cypress/psoc creator/3.1/psoc creator/import/gnu_cs/arm/4.8.4/bin/../lib/gcc/arm-none-eabi/4.8.4/../../../../arm-none-eabi/lib/armv6-m\libg_s.a(lib_a-memcpy-stub.o)
 .ARM.attributes
                0x00000718       0x2c c:/program files (x86)/cypress/psoc creator/3.1/psoc creator/import/gnu_cs/arm/4.8.4/bin/../lib/gcc/arm-none-eabi/4.8.4/../../../../arm-none-eabi/lib/armv6-m\libg_s.a(lib_a-memset.o)
 .ARM.attributes
                0x00000744       0x2c c:/program files (x86)/cypress/psoc creator/3.1/psoc creator/import/gnu_cs/arm/4.8.4/bin/../lib/gcc/arm-none-eabi/4.8.4/armv6-m/crtend.o
 .ARM.attributes
                0x00000770       0x1e c:/program files (x86)/cypress/psoc creator/3.1/psoc creator/import/gnu_cs/arm/4.8.4/bin/../lib/gcc/arm-none-eabi/4.8.4/armv6-m/crtn.o

/DISCARD/
 *(.note.GNU-stack)
OUTPUT(.\CortexM0\ARM_GCC_484\Debug\TLC 2.elf elf32-littlearm)
